训练设备：cpu

========== 开始 PPO 滚动训练（随机种子42，复现锁定）==========

PPO 第1轮
训练区间: 0 ~ 300
验证区间: 300 ~ 500
预测区间: 500 ~ 600
轮次1 迭代0 | 夏普:0.67 | 累计收益:0.0320 | 年化波动:0.0600 | 最大回撤:-0.0303
轮次1 迭代1 | 夏普:0.69 | 累计收益:0.0322 | 年化波动:0.0587 | 最大回撤:-0.0292
轮次1 迭代2 | 夏普:0.63 | 累计收益:0.0307 | 年化波动:0.0613 | 最大回撤:-0.0311
轮次1 迭代3 | 夏普:0.66 | 累计收益:0.0332 | 年化波动:0.0634 | 最大回撤:-0.0323
轮次1 迭代4 | 夏普:0.65 | 累计收益:0.0337 | 年化波动:0.0654 | 最大回撤:-0.0334
轮次1 迭代5 | 夏普:0.62 | 累计收益:0.0346 | 年化波动:0.0701 | 最大回撤:-0.0357
轮次1 迭代6 | 夏普:0.65 | 累计收益:0.0344 | 年化波动:0.0666 | 最大回撤:-0.0338
轮次1 迭代7 | 夏普:0.66 | 累计收益:0.0334 | 年化波动:0.0641 | 最大回撤:-0.0323
轮次1 迭代8 | 夏普:0.62 | 累计收益:0.0326 | 年化波动:0.0661 | 最大回撤:-0.0338
轮次1 迭代9 | 夏普:0.63 | 累计收益:0.0324 | 年化波动:0.0651 | 最大回撤:-0.0330
轮次1 迭代10 | 夏普:0.61 | 累计收益:0.0327 | 年化波动:0.0674 | 最大回撤:-0.0343
轮次1 迭代11 | 夏普:0.62 | 累计收益:0.0331 | 年化波动:0.0667 | 最大回撤:-0.0337
轮次1 迭代12 | 夏普:0.67 | 累计收益:0.0351 | 年化波动:0.0659 | 最大回撤:-0.0327
轮次1 迭代13 | 夏普:0.68 | 累计收益:0.0339 | 年化波动:0.0623 | 最大回撤:-0.0307
轮次1 迭代14 | 夏普:0.68 | 累计收益:0.0343 | 年化波动:0.0638 | 最大回撤:-0.0314
轮次1 迭代15 | 夏普:0.71 | 累计收益:0.0358 | 年化波动:0.0637 | 最大回撤:-0.0315
轮次1 迭代16 | 夏普:0.71 | 累计收益:0.0358 | 年化波动:0.0637 | 最大回撤:-0.0315
轮次1 迭代17 | 夏普:0.69 | 累计收益:0.0337 | 年化波动:0.0615 | 最大回撤:-0.0306
轮次1 迭代18 | 夏普:0.63 | 累计收益:0.0324 | 年化波动:0.0643 | 最大回撤:-0.0324
轮次1 迭代19 | 夏普:0.67 | 累计收益:0.0335 | 年化波动:0.0632 | 最大回撤:-0.0318
轮次1 迭代20 | 夏普:0.69 | 累计收益:0.0321 | 年化波动:0.0585 | 最大回撤:-0.0298
轮次1 迭代21 | 夏普:0.70 | 累计收益:0.0313 | 年化波动:0.0565 | 最大回撤:-0.0289
轮次1 迭代22 | 夏普:0.69 | 累计收益:0.0320 | 年化波动:0.0580 | 最大回撤:-0.0297
轮次1 迭代23 | 夏普:0.70 | 累计收益:0.0321 | 年化波动:0.0581 | 最大回撤:-0.0295
轮次1 迭代24 | 夏普:0.71 | 累计收益:0.0322 | 年化波动:0.0576 | 最大回撤:-0.0296
轮次1 迭代25 | 夏普:0.73 | 累计收益:0.0318 | 年化波动:0.0546 | 最大回撤:-0.0277
轮次1 迭代26 | 夏普:0.73 | 累计收益:0.0327 | 年化波动:0.0564 | 最大回撤:-0.0289
轮次1 迭代27 | 夏普:0.75 | 累计收益:0.0355 | 年化波动:0.0600 | 最大回撤:-0.0308
轮次1 迭代28 | 夏普:0.76 | 累计收益:0.0368 | 年化波动:0.0609 | 最大回撤:-0.0305
轮次1 迭代29 | 夏普:0.77 | 累计收益:0.0351 | 年化波动:0.0574 | 最大回撤:-0.0288
轮次1 迭代30 | 夏普:0.78 | 累计收益:0.0352 | 年化波动:0.0570 | 最大回撤:-0.0280
轮次1 迭代31 | 夏普:0.80 | 累计收益:0.0374 | 年化波动:0.0586 | 最大回撤:-0.0287
轮次1 迭代32 | 夏普:0.75 | 累计收益:0.0348 | 年化波动:0.0585 | 最大回撤:-0.0288
轮次1 迭代33 | 夏普:0.75 | 累计收益:0.0344 | 年化波动:0.0575 | 最大回撤:-0.0280
轮次1 迭代34 | 夏普:0.74 | 累计收益:0.0329 | 年化波动:0.0559 | 最大回撤:-0.0274
轮次1 迭代35 | 夏普:0.76 | 累计收益:0.0351 | 年化波动:0.0579 | 最大回撤:-0.0285
轮次1 迭代36 | 夏普:0.74 | 累计收益:0.0358 | 年化波动:0.0610 | 最大回撤:-0.0298
轮次1 迭代37 | 夏普:0.77 | 累计收益:0.0366 | 年化波动:0.0598 | 最大回撤:-0.0292
轮次1 迭代38 | 夏普:0.75 | 累计收益:0.0359 | 年化波动:0.0606 | 最大回撤:-0.0299
轮次1 迭代39 | 夏普:0.74 | 累计收益:0.0356 | 年化波动:0.0609 | 最大回撤:-0.0300
轮次1 迭代40 | 夏普:0.76 | 累计收益:0.0357 | 年化波动:0.0591 | 最大回撤:-0.0292
轮次1 迭代41 | 夏普:0.75 | 累计收益:0.0350 | 年化波动:0.0585 | 最大回撤:-0.0287
轮次1 迭代42 | 夏普:0.75 | 累计收益:0.0339 | 年化波动:0.0566 | 最大回撤:-0.0280
轮次1 迭代43 | 夏普:0.73 | 累计收益:0.0319 | 年化波动:0.0551 | 最大回撤:-0.0282
轮次1 迭代44 | 夏普:0.76 | 累计收益:0.0341 | 年化波动:0.0568 | 最大回撤:-0.0293
轮次1 迭代45 | 夏普:0.74 | 累计收益:0.0349 | 年化波动:0.0596 | 最大回撤:-0.0308
轮次1 迭代46 | 夏普:0.76 | 累计收益:0.0343 | 年化波动:0.0567 | 最大回撤:-0.0289
轮次1 迭代47 | 夏普:0.71 | 累计收益:0.0310 | 年化波动:0.0551 | 最大回撤:-0.0284
轮次1 迭代48 | 夏普:0.71 | 累计收益:0.0315 | 年化波动:0.0555 | 最大回撤:-0.0278
轮次1 迭代49 | 夏普:0.72 | 累计收益:0.0314 | 年化波动:0.0546 | 最大回撤:-0.0278

PPO 第2轮
训练区间: 100 ~ 400
验证区间: 400 ~ 600
预测区间: 600 ~ 700
  加载上一轮模型：/home/lx/农行杯/fund-platform/models/multi_model/PPO_round1_best.zip
轮次2 迭代0 | 夏普:0.79 | 累计收益:0.0266 | 年化波动:0.0423 | 最大回撤:-0.0302
轮次2 迭代1 | 夏普:0.79 | 累计收益:0.0266 | 年化波动:0.0423 | 最大回撤:-0.0304
轮次2 迭代2 | 夏普:0.76 | 累计收益:0.0263 | 年化波动:0.0436 | 最大回撤:-0.0313
轮次2 迭代3 | 夏普:0.75 | 累计收益:0.0259 | 年化波动:0.0437 | 最大回撤:-0.0315
轮次2 迭代4 | 夏普:0.75 | 累计收益:0.0265 | 年化波动:0.0444 | 最大回撤:-0.0317
轮次2 迭代5 | 夏普:0.73 | 累计收益:0.0271 | 年化波动:0.0466 | 最大回撤:-0.0335
轮次2 迭代6 | 夏普:0.71 | 累计收益:0.0258 | 年化波动:0.0455 | 最大回撤:-0.0327
轮次2 迭代7 | 夏普:0.63 | 累计收益:0.0221 | 年化波动:0.0439 | 最大回撤:-0.0318
轮次2 迭代8 | 夏普:0.59 | 累计收益:0.0209 | 年化波动:0.0444 | 最大回撤:-0.0327
轮次2 迭代9 | 夏普:0.61 | 累计收益:0.0215 | 年化波动:0.0446 | 最大回撤:-0.0327
轮次2 迭代10 | 夏普:0.69 | 累计收益:0.0248 | 年化波动:0.0450 | 最大回撤:-0.0323
轮次2 迭代11 | 夏普:0.71 | 累计收益:0.0260 | 年化波动:0.0460 | 最大回撤:-0.0332
轮次2 迭代12 | 夏普:0.68 | 累计收益:0.0242 | 年化波动:0.0449 | 最大回撤:-0.0326
轮次2 迭代13 | 夏普:0.67 | 累计收益:0.0239 | 年化波动:0.0450 | 最大回撤:-0.0330
轮次2 迭代14 | 夏普:0.69 | 累计收益:0.0245 | 年化波动:0.0449 | 最大回撤:-0.0320
轮次2 迭代15 | 夏普:0.69 | 累计收益:0.0245 | 年化波动:0.0446 | 最大回撤:-0.0310
轮次2 迭代16 | 夏普:0.69 | 累计收益:0.0245 | 年化波动:0.0446 | 最大回撤:-0.0310
轮次2 迭代17 | 夏普:0.73 | 累计收益:0.0267 | 年化波动:0.0458 | 最大回撤:-0.0322
轮次2 迭代18 | 夏普:0.74 | 累计收益:0.0272 | 年化波动:0.0465 | 最大回撤:-0.0327
轮次2 迭代19 | 夏普:0.75 | 累计收益:0.0283 | 年化波动:0.0477 | 最大回撤:-0.0337
轮次2 迭代20 | 夏普:0.75 | 累计收益:0.0274 | 年化波动:0.0458 | 最大回撤:-0.0324
轮次2 迭代21 | 夏普:0.76 | 累计收益:0.0268 | 年化波动:0.0443 | 最大回撤:-0.0313
轮次2 迭代22 | 夏普:0.76 | 累计收益:0.0279 | 年化波动:0.0462 | 最大回撤:-0.0327
轮次2 迭代23 | 夏普:0.76 | 累计收益:0.0282 | 年化波动:0.0466 | 最大回撤:-0.0329
轮次2 迭代24 | 夏普:0.78 | 累计收益:0.0286 | 年化波动:0.0460 | 最大回撤:-0.0329
轮次2 迭代25 | 夏普:0.76 | 累计收益:0.0262 | 年化波动:0.0433 | 最大回撤:-0.0308
轮次2 迭代26 | 夏普:0.75 | 累计收益:0.0265 | 年化波动:0.0446 | 最大回撤:-0.0315
轮次2 迭代27 | 夏普:0.77 | 累计收益:0.0288 | 年化波动:0.0474 | 最大回撤:-0.0337
轮次2 迭代28 | 夏普:0.77 | 累计收益:0.0294 | 年化波动:0.0478 | 最大回撤:-0.0336
轮次2 迭代29 | 夏普:0.74 | 累计收益:0.0270 | 年化波动:0.0457 | 最大回撤:-0.0323
轮次2 迭代30 | 夏普:0.73 | 累计收益:0.0256 | 年化波动:0.0444 | 最大回撤:-0.0317
轮次2 迭代31 | 夏普:0.95 | 累计收益:0.0348 | 年化波动:0.0462 | 最大回撤:-0.0320
轮次2 迭代32 | 夏普:0.87 | 累计收益:0.0315 | 年化波动:0.0458 | 最大回撤:-0.0320
轮次2 迭代33 | 夏普:0.87 | 累计收益:0.0310 | 年化波动:0.0450 | 最大回撤:-0.0316
轮次2 迭代34 | 夏普:0.77 | 累计收益:0.0284 | 年化波动:0.0461 | 最大回撤:-0.0333
轮次2 迭代35 | 夏普:0.85 | 累计收益:0.0324 | 年化波动:0.0483 | 最大回撤:-0.0340
轮次2 迭代36 | 夏普:0.78 | 累计收益:0.0309 | 年化波动:0.0499 | 最大回撤:-0.0356
轮次2 迭代37 | 夏普:0.78 | 累计收益:0.0303 | 年化波动:0.0492 | 最大回撤:-0.0355
轮次2 迭代38 | 夏普:0.71 | 累计收益:0.0281 | 年化波动:0.0500 | 最大回撤:-0.0365
轮次2 迭代39 | 夏普:0.66 | 累计收益:0.0266 | 年化波动:0.0509 | 最大回撤:-0.0374
轮次2 迭代40 | 夏普:0.68 | 累计收益:0.0271 | 年化波动:0.0499 | 最大回撤:-0.0369
轮次2 迭代41 | 夏普:0.66 | 累计收益:0.0259 | 年化波动:0.0493 | 最大回撤:-0.0367
轮次2 迭代42 | 夏普:0.67 | 累计收益:0.0256 | 年化波动:0.0480 | 最大回撤:-0.0359
轮次2 迭代43 | 夏普:0.68 | 累计收益:0.0256 | 年化波动:0.0474 | 最大回撤:-0.0355
轮次2 迭代44 | 夏普:0.63 | 累计收益:0.0240 | 年化波动:0.0478 | 最大回撤:-0.0362
轮次2 迭代45 | 夏普:0.66 | 累计收益:0.0258 | 年化波动:0.0491 | 最大回撤:-0.0368
轮次2 迭代46 | 夏普:0.70 | 累计收益:0.0262 | 年化波动:0.0471 | 最大回撤:-0.0353
轮次2 迭代47 | 夏普:0.66 | 累计收益:0.0237 | 年化波动:0.0451 | 最大回撤:-0.0341
轮次2 迭代48 | 夏普:0.62 | 累计收益:0.0216 | 年化波动:0.0436 | 最大回撤:-0.0331
轮次2 迭代49 | 夏普:0.59 | 累计收益:0.0209 | 年化波动:0.0446 | 最大回撤:-0.0340

PPO 第3轮
训练区间: 200 ~ 500
验证区间: 500 ~ 700
预测区间: 700 ~ 800
  加载上一轮模型：/home/lx/农行杯/fund-platform/models/multi_model/PPO_round2_best.zip
轮次3 迭代0 | 夏普:3.33 | 累计收益:0.1302 | 年化波动:0.0498 | 最大回撤:-0.0308
轮次3 迭代1 | 夏普:3.40 | 累计收益:0.1278 | 年化波动:0.0478 | 最大回撤:-0.0300
轮次3 迭代2 | 夏普:3.36 | 累计收益:0.1261 | 年化波动:0.0478 | 最大回撤:-0.0302
轮次3 迭代3 | 夏普:3.44 | 累计收益:0.1367 | 年化波动:0.0507 | 最大回撤:-0.0313
轮次3 迭代4 | 夏普:3.45 | 累计收益:0.1378 | 年化波动:0.0509 | 最大回撤:-0.0323
轮次3 迭代5 | 夏普:3.30 | 累计收益:0.1326 | 年化波动:0.0512 | 最大回撤:-0.0344
轮次3 迭代6 | 夏普:3.27 | 累计收益:0.1294 | 年化波动:0.0505 | 最大回撤:-0.0348
轮次3 迭代7 | 夏普:3.26 | 累计收益:0.1315 | 年化波动:0.0514 | 最大回撤:-0.0351
轮次3 迭代8 | 夏普:3.20 | 累计收益:0.1314 | 年化波动:0.0523 | 最大回撤:-0.0356
轮次3 迭代9 | 夏普:3.16 | 累计收益:0.1353 | 年化波动:0.0545 | 最大回撤:-0.0365
轮次3 迭代10 | 夏普:3.24 | 累计收益:0.1472 | 年化波动:0.0580 | 最大回撤:-0.0369
轮次3 迭代11 | 夏普:3.20 | 累计收益:0.1410 | 年化波动:0.0562 | 最大回撤:-0.0372
轮次3 迭代12 | 夏普:3.21 | 累计收益:0.1367 | 年化波动:0.0543 | 最大回撤:-0.0365
轮次3 迭代13 | 夏普:3.26 | 累计收益:0.1359 | 年化波动:0.0532 | 最大回撤:-0.0345
轮次3 迭代14 | 夏普:3.46 | 累计收益:0.1587 | 年化波动:0.0585 | 最大回撤:-0.0346
轮次3 迭代15 | 夏普:3.52 | 累计收益:0.1650 | 年化波动:0.0599 | 最大回撤:-0.0352
轮次3 迭代16 | 夏普:3.48 | 累计收益:0.1578 | 年化波动:0.0579 | 最大回撤:-0.0344
轮次3 迭代17 | 夏普:3.49 | 累计收益:0.1588 | 年化波动:0.0582 | 最大回撤:-0.0344
轮次3 迭代18 | 夏普:3.53 | 累计收益:0.1659 | 年化波动:0.0601 | 最大回撤:-0.0344
轮次3 迭代19 | 夏普:3.50 | 累计收益:0.1652 | 年化波动:0.0604 | 最大回撤:-0.0332
轮次3 迭代20 | 夏普:3.48 | 累计收益:0.1586 | 年化波动:0.0582 | 最大回撤:-0.0299
轮次3 迭代21 | 夏普:3.39 | 累计收益:0.1537 | 年化波动:0.0579 | 最大回撤:-0.0282
轮次3 迭代22 | 夏普:3.48 | 累计收益:0.1626 | 年化波动:0.0597 | 最大回撤:-0.0300
轮次3 迭代23 | 夏普:3.58 | 累计收益:0.1747 | 年化波动:0.0624 | 最大回撤:-0.0316
轮次3 迭代24 | 夏普:3.71 | 累计收益:0.1879 | 年化波动:0.0649 | 最大回撤:-0.0337
轮次3 迭代25 | 夏普:3.65 | 累计收益:0.1874 | 年化波动:0.0658 | 最大回撤:-0.0324
轮次3 迭代26 | 夏普:3.71 | 累计收益:0.1903 | 年化波动:0.0658 | 最大回撤:-0.0321
轮次3 迭代27 | 夏普:3.98 | 累计收益:0.2116 | 年化波动:0.0683 | 最大回撤:-0.0332
轮次3 迭代28 | 夏普:4.00 | 累计收益:0.2112 | 年化波动:0.0679 | 最大回撤:-0.0341
轮次3 迭代29 | 夏普:3.96 | 累计收益:0.2093 | 年化波动:0.0679 | 最大回撤:-0.0335
轮次3 迭代30 | 夏普:3.99 | 累计收益:0.2101 | 年化波动:0.0678 | 最大回撤:-0.0349
轮次3 迭代31 | 夏普:4.16 | 累计收益:0.2368 | 年化波动:0.0733 | 最大回撤:-0.0359
轮次3 迭代32 | 夏普:3.72 | 累计收益:0.1851 | 年化波动:0.0638 | 最大回撤:-0.0333
轮次3 迭代33 | 夏普:3.62 | 累计收益:0.1777 | 年化波动:0.0628 | 最大回撤:-0.0324
轮次3 迭代34 | 夏普:3.61 | 累计收益:0.1773 | 年化波动:0.0629 | 最大回撤:-0.0324
轮次3 迭代35 | 夏普:3.77 | 累计收益:0.1872 | 年化波动:0.0637 | 最大回撤:-0.0331
轮次3 迭代36 | 夏普:3.77 | 累计收益:0.1848 | 年化波动:0.0629 | 最大回撤:-0.0338
轮次3 迭代37 | 夏普:3.68 | 累计收益:0.1770 | 年化波动:0.0615 | 最大回撤:-0.0335
轮次3 迭代38 | 夏普:3.61 | 累计收益:0.1693 | 年化波动:0.0600 | 最大回撤:-0.0339
轮次3 迭代39 | 夏普:3.54 | 累计收益:0.1679 | 年化波动:0.0606 | 最大回撤:-0.0347
轮次3 迭代40 | 夏普:3.51 | 累计收益:0.1659 | 年化波动:0.0605 | 最大回撤:-0.0337
轮次3 迭代41 | 夏普:3.49 | 累计收益:0.1628 | 年化波动:0.0597 | 最大回撤:-0.0340
轮次3 迭代42 | 夏普:3.51 | 累计收益:0.1650 | 年化波动:0.0601 | 最大回撤:-0.0333
轮次3 迭代43 | 夏普:3.56 | 累计收益:0.1706 | 年化波动:0.0614 | 最大回撤:-0.0334
轮次3 迭代44 | 夏普:3.47 | 累计收益:0.1619 | 年化波动:0.0597 | 最大回撤:-0.0338
轮次3 迭代45 | 夏普:3.49 | 累计收益:0.1607 | 年化波动:0.0588 | 最大回撤:-0.0347
轮次3 迭代46 | 夏普:3.53 | 累计收益:0.1620 | 年化波动:0.0587 | 最大回撤:-0.0350
轮次3 迭代47 | 夏普:3.58 | 累计收益:0.1664 | 年化波动:0.0594 | 最大回撤:-0.0345
轮次3 迭代48 | 夏普:3.69 | 累计收益:0.1760 | 年化波动:0.0610 | 最大回撤:-0.0340
轮次3 迭代49 | 夏普:3.60 | 累计收益:0.1628 | 年化波动:0.0577 | 最大回撤:-0.0339

PPO 第4轮
训练区间: 300 ~ 600
验证区间: 600 ~ 800
预测区间: 800 ~ 900
  加载上一轮模型：/home/lx/农行杯/fund-platform/models/multi_model/PPO_round3_best.zip
轮次4 迭代0 | 夏普:1.17 | 累计收益:0.0732 | 年化波动:0.0795 | 最大回撤:-0.0647
轮次4 迭代1 | 夏普:1.09 | 累计收益:0.0673 | 年化波动:0.0781 | 最大回撤:-0.0662
轮次4 迭代2 | 夏普:1.09 | 累计收益:0.0694 | 年化波动:0.0804 | 最大回撤:-0.0697
轮次4 迭代3 | 夏普:1.08 | 累计收益:0.0714 | 年化波动:0.0838 | 最大回撤:-0.0730
轮次4 迭代4 | 夏普:1.16 | 累计收益:0.0763 | 年化波动:0.0832 | 最大回撤:-0.0707
轮次4 迭代5 | 夏普:1.13 | 累计收益:0.0735 | 年化波动:0.0822 | 最大回撤:-0.0715
轮次4 迭代6 | 夏普:1.10 | 累计收益:0.0708 | 年化波动:0.0810 | 最大回撤:-0.0712
轮次4 迭代7 | 夏普:1.07 | 累计收益:0.0718 | 年化波动:0.0848 | 最大回撤:-0.0744
轮次4 迭代8 | 夏普:1.07 | 累计收益:0.0701 | 年化波动:0.0830 | 最大回撤:-0.0728
轮次4 迭代9 | 夏普:1.16 | 累计收益:0.0750 | 年化波动:0.0815 | 最大回撤:-0.0697
轮次4 迭代10 | 夏普:1.12 | 累计收益:0.0729 | 年化波动:0.0825 | 最大回撤:-0.0715
轮次4 迭代11 | 夏普:1.14 | 累计收益:0.0730 | 年化波动:0.0814 | 最大回撤:-0.0696
轮次4 迭代12 | 夏普:0.94 | 累计收益:0.0444 | 年化波动:0.0593 | 最大回撤:-0.0563
轮次4 迭代13 | 夏普:0.97 | 累计收益:0.0449 | 年化波动:0.0582 | 最大回撤:-0.0549
轮次4 迭代14 | 夏普:0.90 | 累计收益:0.0429 | 年化波动:0.0604 | 最大回撤:-0.0580
轮次4 迭代15 | 夏普:0.92 | 累计收益:0.0429 | 年化波动:0.0589 | 最大回撤:-0.0569
轮次4 迭代16 | 夏普:0.82 | 累计收益:0.0348 | 年化波动:0.0538 | 最大回撤:-0.0536
轮次4 迭代17 | 夏普:0.78 | 累计收益:0.0349 | 年化波动:0.0563 | 最大回撤:-0.0560
轮次4 迭代18 | 夏普:0.76 | 累计收益:0.0352 | 年化波动:0.0582 | 最大回撤:-0.0574
轮次4 迭代19 | 夏普:0.77 | 累计收益:0.0367 | 年化波动:0.0600 | 最大回撤:-0.0589
轮次4 迭代20 | 夏普:0.85 | 累计收益:0.0375 | 年化波动:0.0557 | 最大回撤:-0.0540
轮次4 迭代21 | 夏普:0.90 | 累计收益:0.0388 | 年化波动:0.0542 | 最大回撤:-0.0517
轮次4 迭代22 | 夏普:0.87 | 累计收益:0.0394 | 年化波动:0.0571 | 最大回撤:-0.0538
轮次4 迭代23 | 夏普:0.89 | 累计收益:0.0457 | 年化波动:0.0648 | 最大回撤:-0.0603
轮次4 迭代24 | 夏普:0.94 | 累计收益:0.0467 | 年化波动:0.0630 | 最大回撤:-0.0583
轮次4 迭代25 | 夏普:1.02 | 累计收益:0.0508 | 年化波动:0.0631 | 最大回撤:-0.0567
轮次4 迭代26 | 夏普:1.04 | 累计收益:0.0512 | 年化波动:0.0621 | 最大回撤:-0.0549
轮次4 迭代27 | 夏普:1.03 | 累计收益:0.0528 | 年化波动:0.0648 | 最大回撤:-0.0577
轮次4 迭代28 | 夏普:1.01 | 累计收益:0.0531 | 年化波动:0.0661 | 最大回撤:-0.0588
轮次4 迭代29 | 夏普:1.02 | 累计收益:0.0533 | 年化波动:0.0659 | 最大回撤:-0.0586
轮次4 迭代30 | 夏普:1.03 | 累计收益:0.0512 | 年化波动:0.0630 | 最大回撤:-0.0565
轮次4 迭代31 | 夏普:1.01 | 累计收益:0.0505 | 年化波动:0.0629 | 最大回撤:-0.0568
轮次4 迭代32 | 夏普:1.07 | 累计收益:0.0525 | 年化波动:0.0620 | 最大回撤:-0.0549
轮次4 迭代33 | 夏普:1.16 | 累计收益:0.0560 | 年化波动:0.0612 | 最大回撤:-0.0518
轮次4 迭代34 | 夏普:1.13 | 累计收益:0.0556 | 年化波动:0.0619 | 最大回撤:-0.0525
轮次4 迭代35 | 夏普:1.13 | 累计收益:0.0589 | 年化波动:0.0660 | 最大回撤:-0.0565
轮次4 迭代36 | 夏普:1.06 | 累计收益:0.0542 | 年化波动:0.0648 | 最大回撤:-0.0578
轮次4 迭代37 | 夏普:1.01 | 累计收益:0.0490 | 年化波动:0.0612 | 最大回撤:-0.0556
轮次4 迭代38 | 夏普:1.02 | 累计收益:0.0523 | 年化波动:0.0645 | 最大回撤:-0.0590
轮次4 迭代39 | 夏普:0.99 | 累计收益:0.0521 | 年化波动:0.0666 | 最大回撤:-0.0610
轮次4 迭代40 | 夏普:1.04 | 累计收益:0.0546 | 年化波动:0.0662 | 最大回撤:-0.0600
轮次4 迭代41 | 夏普:1.26 | 累计收益:0.0788 | 年化波动:0.0789 | 最大回撤:-0.0669
轮次4 迭代42 | 夏普:1.30 | 累计收益:0.0814 | 年化波动:0.0793 | 最大回撤:-0.0669
轮次4 迭代43 | 夏普:1.37 | 累计收益:0.0864 | 年化波动:0.0802 | 最大回撤:-0.0658
轮次4 迭代44 | 夏普:1.32 | 累计收益:0.0827 | 年化波动:0.0793 | 最大回撤:-0.0657
轮次4 迭代45 | 夏普:1.28 | 累计收益:0.0800 | 年化波动:0.0789 | 最大回撤:-0.0660
轮次4 迭代46 | 夏普:1.28 | 累计收益:0.0787 | 年化波动:0.0776 | 最大回撤:-0.0654
轮次4 迭代47 | 夏普:1.32 | 累计收益:0.0797 | 年化波动:0.0763 | 最大回撤:-0.0638
轮次4 迭代48 | 夏普:1.33 | 累计收益:0.0809 | 年化波动:0.0769 | 最大回撤:-0.0631
轮次4 迭代49 | 夏普:1.39 | 累计收益:0.0837 | 年化波动:0.0764 | 最大回撤:-0.0611

PPO 第5轮
训练区间: 400 ~ 700
验证区间: 700 ~ 900
预测区间: 900 ~ 1000
  加载上一轮模型：/home/lx/农行杯/fund-platform/models/multi_model/PPO_round4_best.zip
轮次5 迭代0 | 夏普:-1.21 | 累计收益:-0.0802 | 年化波动:0.0825 | 最大回撤:-0.1017
轮次5 迭代1 | 夏普:-1.20 | 累计收益:-0.0823 | 年化波动:0.0851 | 最大回撤:-0.1052
轮次5 迭代2 | 夏普:-1.21 | 累计收益:-0.0842 | 年化波动:0.0865 | 最大回撤:-0.1068
轮次5 迭代3 | 夏普:-1.23 | 累计收益:-0.0866 | 年化波动:0.0871 | 最大回撤:-0.1106
轮次5 迭代4 | 夏普:-1.23 | 累计收益:-0.0866 | 年化波动:0.0875 | 最大回撤:-0.1103
轮次5 迭代5 | 夏普:-1.24 | 累计收益:-0.0921 | 年化波动:0.0918 | 最大回撤:-0.1177
轮次5 迭代6 | 夏普:-1.24 | 累计收益:-0.0900 | 年化波动:0.0898 | 最大回撤:-0.1149
轮次5 迭代7 | 夏普:-1.24 | 累计收益:-0.0913 | 年化波动:0.0912 | 最大回撤:-0.1173
轮次5 迭代8 | 夏普:-1.25 | 累计收益:-0.0900 | 年化波动:0.0891 | 最大回撤:-0.1158
轮次5 迭代9 | 夏普:-1.24 | 累计收益:-0.0838 | 年化波动:0.0839 | 最大回撤:-0.1076
轮次5 迭代10 | 夏普:-1.25 | 累计收益:-0.0894 | 年化波动:0.0888 | 最大回撤:-0.1141
轮次5 迭代11 | 夏普:-1.22 | 累计收益:-0.0916 | 年化波动:0.0928 | 最大回撤:-0.1176
轮次5 迭代12 | 夏普:-1.23 | 累计收益:-0.0911 | 年化波动:0.0915 | 最大回撤:-0.1165
轮次5 迭代13 | 夏普:-1.20 | 累计收益:-0.0869 | 年化波动:0.0895 | 最大回撤:-0.1115
轮次5 迭代14 | 夏普:-1.22 | 累计收益:-0.0865 | 年化波动:0.0880 | 最大回撤:-0.1100
轮次5 迭代15 | 夏普:-1.20 | 累计收益:-0.0873 | 年化波动:0.0899 | 最大回撤:-0.1117
轮次5 迭代16 | 夏普:-1.21 | 累计收益:-0.0911 | 年化波动:0.0937 | 最大回撤:-0.1178
轮次5 迭代17 | 夏普:-1.21 | 累计收益:-0.0920 | 年化波动:0.0942 | 最大回撤:-0.1187
轮次5 迭代18 | 夏普:-1.22 | 累计收益:-0.0938 | 年化波动:0.0949 | 最大回撤:-0.1189
轮次5 迭代19 | 夏普:-1.19 | 累计收益:-0.0899 | 年化波动:0.0939 | 最大回撤:-0.1163
轮次5 迭代20 | 夏普:-1.18 | 累计收益:-0.0916 | 年化波动:0.0966 | 最大回撤:-0.1192
轮次5 迭代21 | 夏普:-1.20 | 累计收益:-0.0967 | 年化波动:0.0994 | 最大回撤:-0.1241
轮次5 迭代22 | 夏普:-1.21 | 累计收益:-0.0966 | 年化波动:0.0986 | 最大回撤:-0.1240
轮次5 迭代23 | 夏普:-1.24 | 累计收益:-0.0962 | 年化波动:0.0960 | 最大回撤:-0.1231
轮次5 迭代24 | 夏普:-1.22 | 累计收益:-0.0994 | 年化波动:0.1004 | 最大回撤:-0.1284
轮次5 迭代25 | 夏普:-1.20 | 累计收益:-0.0955 | 年化波动:0.0988 | 最大回撤:-0.1254
轮次5 迭代26 | 夏普:-1.19 | 累计收益:-0.0966 | 年化波动:0.1005 | 最大回撤:-0.1257
轮次5 迭代27 | 夏普:-1.20 | 累计收益:-0.1012 | 年化波动:0.1044 | 最大回撤:-0.1314
轮次5 迭代28 | 夏普:-1.22 | 累计收益:-0.1013 | 年化波动:0.1025 | 最大回撤:-0.1301
轮次5 迭代29 | 夏普:-1.24 | 累计收益:-0.1015 | 年化波动:0.1013 | 最大回撤:-0.1305
轮次5 迭代30 | 夏普:-1.23 | 累计收益:-0.0970 | 年化波动:0.0973 | 最大回撤:-0.1245
轮次5 迭代31 | 夏普:-1.21 | 累计收益:-0.0907 | 年化波动:0.0927 | 最大回撤:-0.1171
轮次5 迭代32 | 夏普:-1.18 | 累计收益:-0.0859 | 年化波动:0.0899 | 最大回撤:-0.1110
轮次5 迭代33 | 夏普:-1.14 | 累计收益:-0.0772 | 年化波动:0.0844 | 最大回撤:-0.1009
轮次5 迭代34 | 夏普:-1.14 | 累计收益:-0.0753 | 年化波动:0.0819 | 最大回撤:-0.0974
轮次5 迭代35 | 夏普:-1.12 | 累计收益:-0.0799 | 年化波动:0.0883 | 最大回撤:-0.1028
轮次5 迭代36 | 夏普:-1.16 | 累计收益:-0.0839 | 年化波动:0.0899 | 最大回撤:-0.1076
轮次5 迭代37 | 夏普:-1.18 | 累计收益:-0.0862 | 年化波动:0.0909 | 最大回撤:-0.1099
轮次5 迭代38 | 夏普:-1.16 | 累计收益:-0.0907 | 年化波动:0.0966 | 最大回撤:-0.1174
轮次5 迭代39 | 夏普:-1.20 | 累计收益:-0.0952 | 年化波动:0.0980 | 最大回撤:-0.1208
轮次5 迭代40 | 夏普:-1.17 | 累计收益:-0.0954 | 年化波动:0.1012 | 最大回撤:-0.1213
轮次5 迭代41 | 夏普:-1.15 | 累计收益:-0.0899 | 年化波动:0.0970 | 最大回撤:-0.1161
轮次5 迭代42 | 夏普:-1.12 | 累计收益:-0.0860 | 年化波动:0.0953 | 最大回撤:-0.1132
轮次5 迭代43 | 夏普:-1.23 | 累计收益:-0.0937 | 年化波动:0.0947 | 最大回撤:-0.1174
轮次5 迭代44 | 夏普:-1.26 | 累计收益:-0.0979 | 年化波动:0.0961 | 最大回撤:-0.1212
轮次5 迭代45 | 夏普:-1.25 | 累计收益:-0.0978 | 年化波动:0.0970 | 最大回撤:-0.1219
轮次5 迭代46 | 夏普:-1.21 | 累计收益:-0.0948 | 年化波动:0.0968 | 最大回撤:-0.1205
轮次5 迭代47 | 夏普:-1.20 | 累计收益:-0.0911 | 年化波动:0.0942 | 最大回撤:-0.1173
轮次5 迭代48 | 夏普:-1.17 | 累计收益:-0.0873 | 年化波动:0.0924 | 最大回撤:-0.1138
轮次5 迭代49 | 夏普:-1.19 | 累计收益:-0.0868 | 年化波动:0.0906 | 最大回撤:-0.1119

PPO 第6轮
训练区间: 500 ~ 800
验证区间: 800 ~ 1000
预测区间: 1000 ~ 1100
  加载上一轮模型：/home/lx/农行杯/fund-platform/models/multi_model/PPO_round5_best.zip
轮次6 迭代0 | 夏普:-0.45 | 累计收益:-0.0393 | 年化波动:0.1100 | 最大回撤:-0.1221
轮次6 迭代1 | 夏普:-0.47 | 累计收益:-0.0398 | 年化波动:0.1067 | 最大回撤:-0.1194
轮次6 迭代2 | 夏普:-0.47 | 累计收益:-0.0421 | 年化波动:0.1114 | 最大回撤:-0.1266
轮次6 迭代3 | 夏普:-0.44 | 累计收益:-0.0404 | 年化波动:0.1135 | 最大回撤:-0.1276
轮次6 迭代4 | 夏普:-0.43 | 累计收益:-0.0381 | 年化波动:0.1115 | 最大回撤:-0.1245
轮次6 迭代5 | 夏普:-0.39 | 累计收益:-0.0385 | 年化波动:0.1218 | 最大回撤:-0.1341
轮次6 迭代6 | 夏普:-0.41 | 累计收益:-0.0395 | 年化波动:0.1210 | 最大回撤:-0.1341
轮次6 迭代7 | 夏普:-0.44 | 累计收益:-0.0427 | 年化波动:0.1223 | 最大回撤:-0.1359
轮次6 迭代8 | 夏普:-0.43 | 累计收益:-0.0428 | 年化波动:0.1244 | 最大回撤:-0.1381
轮次6 迭代9 | 夏普:-0.42 | 累计收益:-0.0396 | 年化波动:0.1188 | 最大回撤:-0.1315
轮次6 迭代10 | 夏普:-0.40 | 累计收益:-0.0387 | 年化波动:0.1201 | 最大回撤:-0.1339
轮次6 迭代11 | 夏普:-0.39 | 累计收益:-0.0381 | 年化波动:0.1214 | 最大回撤:-0.1345
轮次6 迭代12 | 夏普:-0.37 | 累计收益:-0.0360 | 年化波动:0.1206 | 最大回撤:-0.1358
轮次6 迭代13 | 夏普:-0.35 | 累计收益:-0.0335 | 年化波动:0.1181 | 最大回撤:-0.1321
轮次6 迭代14 | 夏普:-0.38 | 累计收益:-0.0355 | 年化波动:0.1167 | 最大回撤:-0.1308
轮次6 迭代15 | 夏普:-0.39 | 累计收益:-0.0389 | 年化波动:0.1230 | 最大回撤:-0.1396
轮次6 迭代16 | 夏普:-0.38 | 累计收益:-0.0392 | 年化波动:0.1282 | 最大回撤:-0.1464
轮次6 迭代17 | 夏普:-0.39 | 累计收益:-0.0404 | 年化波动:0.1278 | 最大回撤:-0.1477
轮次6 迭代18 | 夏普:-0.41 | 累计收益:-0.0420 | 年化波动:0.1274 | 最大回撤:-0.1463
轮次6 迭代19 | 夏普:-0.36 | 累计收益:-0.0347 | 年化波动:0.1202 | 最大回撤:-0.1376
轮次6 迭代20 | 夏普:-0.37 | 累计收益:-0.0367 | 年化波动:0.1250 | 最大回撤:-0.1453
轮次6 迭代21 | 夏普:-0.40 | 累计收益:-0.0406 | 年化波动:0.1267 | 最大回撤:-0.1474
轮次6 迭代22 | 夏普:-0.37 | 累计收益:-0.0386 | 年化波动:0.1290 | 最大回撤:-0.1497
轮次6 迭代23 | 夏普:-0.37 | 累计收益:-0.0371 | 年化波动:0.1247 | 最大回撤:-0.1444
轮次6 迭代24 | 夏普:-0.39 | 累计收益:-0.0409 | 年化波动:0.1314 | 最大回撤:-0.1530
轮次6 迭代25 | 夏普:-0.37 | 累计收益:-0.0407 | 年化波动:0.1383 | 最大回撤:-0.1613
轮次6 迭代26 | 夏普:-0.37 | 累计收益:-0.0400 | 年化波动:0.1360 | 最大回撤:-0.1569
轮次6 迭代27 | 夏普:-0.37 | 累计收益:-0.0417 | 年化波动:0.1390 | 最大回撤:-0.1582
轮次6 迭代28 | 夏普:-0.36 | 累计收益:-0.0394 | 年化波动:0.1363 | 最大回撤:-0.1553
轮次6 迭代29 | 夏普:-0.36 | 累计收益:-0.0373 | 年化波动:0.1311 | 最大回撤:-0.1491
轮次6 迭代30 | 夏普:-0.33 | 累计收益:-0.0332 | 年化波动:0.1264 | 最大回撤:-0.1441
轮次6 迭代31 | 夏普:-0.30 | 累计收益:-0.0294 | 年化波动:0.1239 | 最大回撤:-0.1393
轮次6 迭代32 | 夏普:-0.27 | 累计收益:-0.0282 | 年化波动:0.1282 | 最大回撤:-0.1444
轮次6 迭代33 | 夏普:-0.27 | 累计收益:-0.0275 | 年化波动:0.1270 | 最大回撤:-0.1422
轮次6 迭代34 | 夏普:-0.28 | 累计收益:-0.0277 | 年化波动:0.1223 | 最大回撤:-0.1357
轮次6 迭代35 | 夏普:-0.28 | 累计收益:-0.0285 | 年化波动:0.1257 | 最大回撤:-0.1398
轮次6 迭代36 | 夏普:-0.30 | 累计收益:-0.0295 | 年化波动:0.1247 | 最大回撤:-0.1388
轮次6 迭代37 | 夏普:-0.28 | 累计收益:-0.0286 | 年化波动:0.1272 | 最大回撤:-0.1407
轮次6 迭代38 | 夏普:-0.26 | 累计收益:-0.0263 | 年化波动:0.1286 | 最大回撤:-0.1419
轮次6 迭代39 | 夏普:-0.34 | 累计收益:-0.0339 | 年化波动:0.1262 | 最大回撤:-0.1417
轮次6 迭代40 | 夏普:-0.36 | 累计收益:-0.0373 | 年化波动:0.1297 | 最大回撤:-0.1464
轮次6 迭代41 | 夏普:-0.36 | 累计收益:-0.0361 | 年化波动:0.1242 | 最大回撤:-0.1399
轮次6 迭代42 | 夏普:-0.38 | 累计收益:-0.0379 | 年化波动:0.1232 | 最大回撤:-0.1408
轮次6 迭代43 | 夏普:-0.35 | 累计收益:-0.0338 | 年化波动:0.1208 | 最大回撤:-0.1382
轮次6 迭代44 | 夏普:-0.39 | 累计收益:-0.0376 | 年化波动:0.1212 | 最大回撤:-0.1389
轮次6 迭代45 | 夏普:-0.38 | 累计收益:-0.0377 | 年化波动:0.1224 | 最大回撤:-0.1406
轮次6 迭代46 | 夏普:-0.38 | 累计收益:-0.0397 | 年化波动:0.1291 | 最大回撤:-0.1486
轮次6 迭代47 | 夏普:-0.37 | 累计收益:-0.0373 | 年化波动:0.1254 | 最大回撤:-0.1443
轮次6 迭代48 | 夏普:-0.33 | 累计收益:-0.0326 | 年化波动:0.1224 | 最大回撤:-0.1393
轮次6 迭代49 | 夏普:-0.34 | 累计收益:-0.0326 | 年化波动:0.1194 | 最大回撤:-0.1358

PPO 第7轮
训练区间: 600 ~ 900
验证区间: 900 ~ 1100
预测区间: 1100 ~ 1200
  加载上一轮模型：/home/lx/农行杯/fund-platform/models/multi_model/PPO_round6_best.zip
轮次7 迭代0 | 夏普:1.55 | 累计收益:0.1681 | 年化波动:0.1390 | 最大回撤:-0.0798
轮次7 迭代1 | 夏普:1.54 | 累计收益:0.1672 | 年化波动:0.1392 | 最大回撤:-0.0809
轮次7 迭代2 | 夏普:1.54 | 累计收益:0.1739 | 年化波动:0.1449 | 最大回撤:-0.0858
轮次7 迭代3 | 夏普:1.51 | 累计收益:0.1751 | 年化波动:0.1481 | 最大回撤:-0.0867
轮次7 迭代4 | 夏普:1.58 | 累计收益:0.1780 | 年化波动:0.1443 | 最大回撤:-0.0855
轮次7 迭代5 | 夏普:1.53 | 累计收益:0.1736 | 年化波动:0.1453 | 最大回撤:-0.0876
轮次7 迭代6 | 夏普:1.57 | 累计收益:0.1794 | 年化波动:0.1466 | 最大回撤:-0.0895
轮次7 迭代7 | 夏普:1.49 | 累计收益:0.1739 | 年化波动:0.1497 | 最大回撤:-0.0914
轮次7 迭代8 | 夏普:1.51 | 累计收益:0.1701 | 年化波动:0.1442 | 最大回撤:-0.0858
轮次7 迭代9 | 夏普:1.56 | 累计收益:0.1670 | 年化波动:0.1372 | 最大回撤:-0.0802
轮次7 迭代10 | 夏普:1.47 | 累计收益:0.1603 | 年化波动:0.1397 | 最大回撤:-0.0834
轮次7 迭代11 | 夏普:1.56 | 累计收益:0.1657 | 年化波动:0.1360 | 最大回撤:-0.0766
轮次7 迭代12 | 夏普:1.50 | 累计收益:0.1634 | 年化波动:0.1394 | 最大回撤:-0.0795
轮次7 迭代13 | 夏普:1.61 | 累计收益:0.1720 | 年化波动:0.1368 | 最大回撤:-0.0775
轮次7 迭代14 | 夏普:1.55 | 累计收益:0.1660 | 年化波动:0.1373 | 最大回撤:-0.0783
轮次7 迭代15 | 夏普:1.53 | 累计收益:0.1707 | 年化波动:0.1429 | 最大回撤:-0.0824
轮次7 迭代16 | 夏普:1.43 | 累计收益:0.1673 | 年化波动:0.1496 | 最大回撤:-0.0896
轮次7 迭代17 | 夏普:1.45 | 累计收益:0.1695 | 年化波动:0.1492 | 最大回撤:-0.0926
轮次7 迭代18 | 夏普:1.37 | 累计收益:0.1636 | 年化波动:0.1523 | 最大回撤:-0.0947
轮次7 迭代19 | 夏普:1.43 | 累计收益:0.1662 | 年化波动:0.1489 | 最大回撤:-0.0941
轮次7 迭代20 | 夏普:1.42 | 累计收益:0.1650 | 年化波动:0.1487 | 最大回撤:-0.0937
轮次7 迭代21 | 夏普:1.35 | 累计收益:0.1597 | 年化波动:0.1509 | 最大回撤:-0.0949
轮次7 迭代22 | 夏普:1.41 | 累计收益:0.1529 | 年化波动:0.1390 | 最大回撤:-0.0824
轮次7 迭代23 | 夏普:1.37 | 累计收益:0.1430 | 年化波动:0.1328 | 最大回撤:-0.0781
轮次7 迭代24 | 夏普:1.40 | 累计收益:0.1511 | 年化波动:0.1379 | 最大回撤:-0.0828
轮次7 迭代25 | 夏普:1.45 | 累计收益:0.1585 | 年化波动:0.1393 | 最大回撤:-0.0835
轮次7 迭代26 | 夏普:1.42 | 累计收益:0.1566 | 年化波动:0.1413 | 最大回撤:-0.0841
轮次7 迭代27 | 夏普:1.38 | 累计收益:0.1609 | 年化波动:0.1488 | 最大回撤:-0.0890
轮次7 迭代28 | 夏普:1.43 | 累计收益:0.1624 | 年化波动:0.1454 | 最大回撤:-0.0876
轮次7 迭代29 | 夏普:1.43 | 累计收益:0.1532 | 年化波动:0.1371 | 最大回撤:-0.0821
轮次7 迭代30 | 夏普:1.47 | 累计收益:0.1544 | 年化波动:0.1337 | 最大回撤:-0.0791
轮次7 迭代31 | 夏普:1.54 | 累计收益:0.1553 | 年化波动:0.1291 | 最大回撤:-0.0736
轮次7 迭代32 | 夏普:1.59 | 累计收益:0.1496 | 年化波动:0.1198 | 最大回撤:-0.0658
轮次7 迭代33 | 夏普:1.60 | 累计收益:0.1467 | 年化波动:0.1168 | 最大回撤:-0.0638
轮次7 迭代34 | 夏普:1.61 | 累计收益:0.1449 | 年化波动:0.1146 | 最大回撤:-0.0612
轮次7 迭代35 | 夏普:1.64 | 累计收益:0.1561 | 年化波动:0.1218 | 最大回撤:-0.0648
轮次7 迭代36 | 夏普:1.53 | 累计收益:0.1481 | 年化波动:0.1234 | 最大回撤:-0.0679
轮次7 迭代37 | 夏普:1.57 | 累计收益:0.1597 | 年化波动:0.1302 | 最大回撤:-0.0728
轮次7 迭代38 | 夏普:1.58 | 累计收益:0.1708 | 年化波动:0.1386 | 最大回撤:-0.0782
轮次7 迭代39 | 夏普:1.50 | 累计收益:0.1636 | 年化波动:0.1395 | 最大回撤:-0.0796
轮次7 迭代40 | 夏普:1.50 | 累计收益:0.1645 | 年化波动:0.1406 | 最大回撤:-0.0802
轮次7 迭代41 | 夏普:1.57 | 累计收益:0.1675 | 年化波动:0.1361 | 最大回撤:-0.0789
轮次7 迭代42 | 夏普:1.67 | 累计收益:0.1726 | 年化波动:0.1320 | 最大回撤:-0.0765
轮次7 迭代43 | 夏普:1.65 | 累计收益:0.1718 | 年化波动:0.1335 | 最大回撤:-0.0784
轮次7 迭代44 | 夏普:1.55 | 累计收益:0.1654 | 年化波动:0.1363 | 最大回撤:-0.0795
轮次7 迭代45 | 夏普:1.58 | 累计收益:0.1682 | 年化波动:0.1366 | 最大回撤:-0.0805
轮次7 迭代46 | 夏普:1.58 | 累计收益:0.1753 | 年化波动:0.1420 | 最大回撤:-0.0842
轮次7 迭代47 | 夏普:1.64 | 累计收益:0.1741 | 年化波动:0.1359 | 最大回撤:-0.0797
轮次7 迭代48 | 夏普:1.69 | 累计收益:0.1735 | 年化波动:0.1317 | 最大回撤:-0.0752
轮次7 迭代49 | 夏普:1.68 | 累计收益:0.1688 | 年化波动:0.1287 | 最大回撤:-0.0740

PPO 第8轮
训练区间: 700 ~ 1000
验证区间: 1000 ~ 1200
预测区间: 1200 ~ 1300
  加载上一轮模型：/home/lx/农行杯/fund-platform/models/multi_model/PPO_round7_best.zip
轮次8 迭代0 | 夏普:1.48 | 累计收益:0.1223 | 年化波动:0.1049 | 最大回撤:-0.0603
轮次8 迭代1 | 夏普:1.49 | 累计收益:0.1257 | 年化波动:0.1074 | 最大回撤:-0.0618
轮次8 迭代2 | 夏普:1.46 | 累计收益:0.1251 | 年化波动:0.1094 | 最大回撤:-0.0634
轮次8 迭代3 | 夏普:1.48 | 累计收益:0.1282 | 年化波动:0.1101 | 最大回撤:-0.0634
轮次8 迭代4 | 夏普:1.47 | 累计收益:0.1233 | 年化波动:0.1069 | 最大回撤:-0.0617
轮次8 迭代5 | 夏普:1.46 | 累计收益:0.1277 | 年化波动:0.1113 | 最大回撤:-0.0645
轮次8 迭代6 | 夏普:1.45 | 累计收益:0.1253 | 年化波动:0.1097 | 最大回撤:-0.0636
轮次8 迭代7 | 夏普:1.45 | 累计收益:0.1268 | 年化波动:0.1115 | 最大回撤:-0.0645
轮次8 迭代8 | 夏普:1.47 | 累计收益:0.1240 | 年化波动:0.1075 | 最大回撤:-0.0621
轮次8 迭代9 | 夏普:1.48 | 累计收益:0.1231 | 年化波动:0.1059 | 最大回撤:-0.0610
轮次8 迭代10 | 夏普:1.51 | 累计收益:0.1258 | 年化波动:0.1063 | 最大回撤:-0.0604
轮次8 迭代11 | 夏普:1.50 | 累计收益:0.1268 | 年化波动:0.1073 | 最大回撤:-0.0616
轮次8 迭代12 | 夏普:1.50 | 累计收益:0.1247 | 年化波动:0.1058 | 最大回撤:-0.0614
轮次8 迭代13 | 夏普:1.48 | 累计收益:0.1240 | 年化波动:0.1065 | 最大回撤:-0.0618
轮次8 迭代14 | 夏普:1.46 | 累计收益:0.1224 | 年化波动:0.1065 | 最大回撤:-0.0626
轮次8 迭代15 | 夏普:1.44 | 累计收益:0.1262 | 年化波动:0.1112 | 最大回撤:-0.0645
轮次8 迭代16 | 夏普:1.47 | 累计收益:0.1311 | 年化波动:0.1133 | 最大回撤:-0.0648
轮次8 迭代17 | 夏普:1.46 | 累计收益:0.1306 | 年化波动:0.1139 | 最大回撤:-0.0653
轮次8 迭代18 | 夏普:1.42 | 累计收益:0.1273 | 年化波动:0.1138 | 最大回撤:-0.0659
轮次8 迭代19 | 夏普:1.48 | 累计收益:0.1286 | 年化波动:0.1106 | 最大回撤:-0.0628
轮次8 迭代20 | 夏普:1.49 | 累计收益:0.1263 | 年化波动:0.1082 | 最大回撤:-0.0616
轮次8 迭代21 | 夏普:1.45 | 累计收益:0.1265 | 年化波动:0.1111 | 最大回撤:-0.0637
轮次8 迭代22 | 夏普:1.50 | 累计收益:0.1329 | 年化波动:0.1129 | 最大回撤:-0.0633
轮次8 迭代23 | 夏普:1.48 | 累计收益:0.1279 | 年化波动:0.1100 | 最大回撤:-0.0625
轮次8 迭代24 | 夏普:1.47 | 累计收益:0.1311 | 年化波动:0.1135 | 最大回撤:-0.0635
轮次8 迭代25 | 夏普:1.45 | 累计收益:0.1293 | 年化波动:0.1136 | 最大回撤:-0.0639
轮次8 迭代26 | 夏普:1.48 | 累计收益:0.1311 | 年化波动:0.1129 | 最大回撤:-0.0632
轮次8 迭代27 | 夏普:1.49 | 累计收益:0.1370 | 年化波动:0.1174 | 最大回撤:-0.0650
轮次8 迭代28 | 夏普:1.52 | 累计收益:0.1376 | 年化波动:0.1158 | 最大回撤:-0.0640
轮次8 迭代29 | 夏普:1.55 | 累计收益:0.1395 | 年化波动:0.1147 | 最大回撤:-0.0633
轮次8 迭代30 | 夏普:1.57 | 累计收益:0.1371 | 年化波动:0.1114 | 最大回撤:-0.0615
轮次8 迭代31 | 夏普:1.59 | 累计收益:0.1362 | 年化波动:0.1093 | 最大回撤:-0.0600
轮次8 迭代32 | 夏普:1.57 | 累计收益:0.1331 | 年化波动:0.1081 | 最大回撤:-0.0596
轮次8 迭代33 | 夏普:1.60 | 累计收益:0.1316 | 年化波动:0.1047 | 最大回撤:-0.0572
轮次8 迭代34 | 夏普:1.55 | 累计收益:0.1287 | 年化波动:0.1056 | 最大回撤:-0.0586
轮次8 迭代35 | 夏普:1.55 | 累计收益:0.1288 | 年化波动:0.1060 | 最大回撤:-0.0595
轮次8 迭代36 | 夏普:1.53 | 累计收益:0.1260 | 年化波动:0.1052 | 最大回撤:-0.0605
轮次8 迭代37 | 夏普:1.56 | 累计收益:0.1300 | 年化波动:0.1058 | 最大回撤:-0.0603
轮次8 迭代38 | 夏普:1.58 | 累计收益:0.1328 | 年化波动:0.1073 | 最大回撤:-0.0605
轮次8 迭代39 | 夏普:1.53 | 累计收益:0.1292 | 年化波动:0.1078 | 最大回撤:-0.0622
轮次8 迭代40 | 夏普:1.51 | 累计收益:0.1299 | 年化波动:0.1093 | 最大回撤:-0.0636
轮次8 迭代41 | 夏普:1.53 | 累计收益:0.1274 | 年化波动:0.1061 | 最大回撤:-0.0615
轮次8 迭代42 | 夏普:1.57 | 累计收益:0.1319 | 年化波动:0.1072 | 最大回撤:-0.0612
轮次8 迭代43 | 夏普:1.53 | 累计收益:0.1324 | 年化波动:0.1101 | 最大回撤:-0.0626
轮次8 迭代44 | 夏普:1.52 | 累计收益:0.1312 | 年化波动:0.1102 | 最大回撤:-0.0629
轮次8 迭代45 | 夏普:1.48 | 累计收益:0.1289 | 年化波动:0.1111 | 最大回撤:-0.0633
轮次8 迭代46 | 夏普:1.49 | 累计收益:0.1302 | 年化波动:0.1114 | 最大回撤:-0.0625
轮次8 迭代47 | 夏普:1.55 | 累计收益:0.1342 | 年化波动:0.1103 | 最大回撤:-0.0611
轮次8 迭代48 | 夏普:1.54 | 累计收益:0.1307 | 年化波动:0.1084 | 最大回撤:-0.0611
轮次8 迭代49 | 夏普:1.52 | 累计收益:0.1254 | 年化波动:0.1053 | 最大回撤:-0.0610

PPO 第9轮
训练区间: 800 ~ 1100
验证区间: 1100 ~ 1300
预测区间: 1300 ~ 1400
  加载上一轮模型：/home/lx/农行杯/fund-platform/models/multi_model/PPO_round8_best.zip
轮次9 迭代0 | 夏普:1.00 | 累计收益:0.1345 | 年化波动:0.1712 | 最大回撤:-0.1518
轮次9 迭代1 | 夏普:1.05 | 累计收益:0.1409 | 年化波动:0.1710 | 最大回撤:-0.1482
轮次9 迭代2 | 夏普:1.06 | 累计收益:0.1397 | 年化波动:0.1685 | 最大回撤:-0.1495
轮次9 迭代3 | 夏普:1.01 | 累计收益:0.1314 | 年化波动:0.1665 | 最大回撤:-0.1483
轮次9 迭代4 | 夏普:1.02 | 累计收益:0.1313 | 年化波动:0.1641 | 最大回撤:-0.1408
轮次9 迭代5 | 夏普:1.02 | 累计收益:0.1323 | 年化波动:0.1654 | 最大回撤:-0.1420
轮次9 迭代6 | 夏普:1.02 | 累计收益:0.1337 | 年化波动:0.1668 | 最大回撤:-0.1455
轮次9 迭代7 | 夏普:1.03 | 累计收益:0.1291 | 年化波动:0.1591 | 最大回撤:-0.1325
轮次9 迭代8 | 夏普:1.06 | 累计收益:0.1309 | 年化波动:0.1574 | 最大回撤:-0.1328
轮次9 迭代9 | 夏普:1.08 | 累计收益:0.1296 | 年化波动:0.1526 | 最大回撤:-0.1295
轮次9 迭代10 | 夏普:1.07 | 累计收益:0.1308 | 年化波动:0.1554 | 最大回撤:-0.1325
轮次9 迭代11 | 夏普:1.11 | 累计收益:0.1332 | 年化波动:0.1526 | 最大回撤:-0.1219
轮次9 迭代12 | 夏普:1.11 | 累计收益:0.1318 | 年化波动:0.1518 | 最大回撤:-0.1211
轮次9 迭代13 | 夏普:1.10 | 累计收益:0.1302 | 年化波动:0.1511 | 最大回撤:-0.1257
轮次9 迭代14 | 夏普:1.11 | 累计收益:0.1340 | 年化波动:0.1532 | 最大回撤:-0.1284
轮次9 迭代15 | 夏普:1.09 | 累计收益:0.1298 | 年化波动:0.1512 | 最大回撤:-0.1258
轮次9 迭代16 | 夏普:1.12 | 累计收益:0.1330 | 年化波动:0.1512 | 最大回撤:-0.1266
轮次9 迭代17 | 夏普:1.15 | 累计收益:0.1329 | 年化波动:0.1468 | 最大回撤:-0.1189
轮次9 迭代18 | 夏普:1.11 | 累计收益:0.1303 | 年化波动:0.1498 | 最大回撤:-0.1246
轮次9 迭代19 | 夏普:1.14 | 累计收益:0.1355 | 年化波动:0.1510 | 最大回撤:-0.1274
轮次9 迭代20 | 夏普:1.13 | 累计收益:0.1380 | 年化波动:0.1559 | 最大回撤:-0.1333
轮次9 迭代21 | 夏普:1.14 | 累计收益:0.1440 | 年化波动:0.1605 | 最大回撤:-0.1378
轮次9 迭代22 | 夏普:1.11 | 累计收益:0.1395 | 年化波动:0.1600 | 最大回撤:-0.1387
轮次9 迭代23 | 夏普:1.11 | 累计收益:0.1387 | 年化波动:0.1592 | 最大回撤:-0.1382
轮次9 迭代24 | 夏普:1.05 | 累计收益:0.1330 | 年化波动:0.1620 | 最大回撤:-0.1408
轮次9 迭代25 | 夏普:1.08 | 累计收益:0.1397 | 年化波动:0.1644 | 最大回撤:-0.1426
轮次9 迭代26 | 夏普:1.05 | 累计收益:0.1368 | 年化波动:0.1655 | 最大回撤:-0.1435
轮次9 迭代27 | 夏普:1.04 | 累计收益:0.1342 | 年化波动:0.1641 | 最大回撤:-0.1430
轮次9 迭代28 | 夏普:1.05 | 累计收益:0.1362 | 年化波动:0.1656 | 最大回撤:-0.1453
轮次9 迭代29 | 夏普:1.06 | 累计收益:0.1345 | 年化波动:0.1615 | 最大回撤:-0.1425
轮次9 迭代30 | 夏普:1.06 | 累计收益:0.1358 | 年化波动:0.1626 | 最大回撤:-0.1455
轮次9 迭代31 | 夏普:1.02 | 累计收益:0.1277 | 年化波动:0.1595 | 最大回撤:-0.1428
轮次9 迭代32 | 夏普:1.07 | 累计收益:0.1266 | 年化波动:0.1510 | 最大回撤:-0.1347
轮次9 迭代33 | 夏普:1.10 | 累计收益:0.1331 | 年化波动:0.1537 | 最大回撤:-0.1378
轮次9 迭代34 | 夏普:1.11 | 累计收益:0.1338 | 年化波动:0.1539 | 最大回撤:-0.1430
轮次9 迭代35 | 夏普:1.07 | 累计收益:0.1293 | 年化波动:0.1545 | 最大回撤:-0.1414
轮次9 迭代36 | 夏普:1.07 | 累计收益:0.1303 | 年化波动:0.1545 | 最大回撤:-0.1398
轮次9 迭代37 | 夏普:1.13 | 累计收益:0.1381 | 年化波动:0.1555 | 最大回撤:-0.1377
轮次9 迭代38 | 夏普:1.16 | 累计收益:0.1377 | 年化波动:0.1514 | 最大回撤:-0.1283
轮次9 迭代39 | 夏普:1.16 | 累计收益:0.1365 | 年化波动:0.1502 | 最大回撤:-0.1220
轮次9 迭代40 | 夏普:1.11 | 累计收益:0.1373 | 年化波动:0.1571 | 最大回撤:-0.1317
轮次9 迭代41 | 夏普:1.13 | 累计收益:0.1401 | 年化波动:0.1576 | 最大回撤:-0.1322
轮次9 迭代42 | 夏普:1.16 | 累计收益:0.1475 | 年化波动:0.1628 | 最大回撤:-0.1357
轮次9 迭代43 | 夏普:1.20 | 累计收益:0.1501 | 年化波动:0.1599 | 最大回撤:-0.1362
轮次9 迭代44 | 夏普:1.25 | 累计收益:0.1572 | 年化波动:0.1605 | 最大回撤:-0.1317
轮次9 迭代45 | 夏普:1.17 | 累计收益:0.1486 | 年化波动:0.1614 | 最大回撤:-0.1353
轮次9 迭代46 | 夏普:1.13 | 累计收益:0.1421 | 年化波动:0.1604 | 最大回撤:-0.1399
轮次9 迭代47 | 夏普:1.06 | 累计收益:0.1375 | 年化波动:0.1654 | 最大回撤:-0.1413
轮次9 迭代48 | 夏普:1.14 | 累计收益:0.1437 | 年化波动:0.1610 | 最大回撤:-0.1351
轮次9 迭代49 | 夏普:1.18 | 累计收益:0.1424 | 年化波动:0.1538 | 最大回撤:-0.1313

PPO 第10轮
训练区间: 900 ~ 1200
验证区间: 1200 ~ 1400
预测区间: 1400 ~ 1500
  加载上一轮模型：/home/lx/农行杯/fund-platform/models/multi_model/PPO_round9_best.zip
轮次10 迭代0 | 夏普:1.42 | 累计收益:0.2433 | 年化波动:0.2207 | 最大回撤:-0.1497
轮次10 迭代1 | 夏普:1.47 | 累计收益:0.2567 | 年化波动:0.2251 | 最大回撤:-0.1522
轮次10 迭代2 | 夏普:1.43 | 累计收益:0.2482 | 年化波动:0.2241 | 最大回撤:-0.1422
轮次10 迭代3 | 夏普:1.52 | 累计收益:0.2465 | 年化波动:0.2093 | 最大回撤:-0.1317
轮次10 迭代4 | 夏普:1.49 | 累计收益:0.2420 | 年化波动:0.2090 | 最大回撤:-0.1319
轮次10 迭代5 | 夏普:1.55 | 累计收益:0.2509 | 年化波动:0.2097 | 最大回撤:-0.1374
轮次10 迭代6 | 夏普:1.59 | 累计收益:0.2566 | 年化波动:0.2081 | 最大回撤:-0.1397
轮次10 迭代7 | 夏普:1.57 | 累计收益:0.2500 | 年化波动:0.2058 | 最大回撤:-0.1357
轮次10 迭代8 | 夏普:1.62 | 累计收益:0.2575 | 年化波动:0.2049 | 最大回撤:-0.1329
轮次10 迭代9 | 夏普:1.57 | 累计收益:0.2518 | 年化波动:0.2068 | 最大回撤:-0.1321
轮次10 迭代10 | 夏普:1.66 | 累计收益:0.2599 | 年化波动:0.2025 | 最大回撤:-0.1267
轮次10 迭代11 | 夏普:1.60 | 累计收益:0.2552 | 年化波动:0.2056 | 最大回撤:-0.1357
轮次10 迭代12 | 夏普:1.64 | 累计收益:0.2519 | 年化波动:0.1984 | 最大回撤:-0.1300
轮次10 迭代13 | 夏普:1.64 | 累计收益:0.2501 | 年化波动:0.1971 | 最大回撤:-0.1321
轮次10 迭代14 | 夏普:1.65 | 累计收益:0.2540 | 年化波动:0.1993 | 最大回撤:-0.1325
轮次10 迭代15 | 夏普:1.61 | 累计收益:0.2493 | 年化波动:0.1993 | 最大回撤:-0.1308
轮次10 迭代16 | 夏普:1.63 | 累计收益:0.2585 | 年化波动:0.2046 | 最大回撤:-0.1331
轮次10 迭代17 | 夏普:1.67 | 累计收益:0.2575 | 年化波动:0.1987 | 最大回撤:-0.1274
轮次10 迭代18 | 夏普:1.68 | 累计收益:0.2565 | 年化波动:0.1972 | 最大回撤:-0.1264
轮次10 迭代19 | 夏普:1.65 | 累计收益:0.2620 | 年化波动:0.2054 | 最大回撤:-0.1330
轮次10 迭代20 | 夏普:1.67 | 累计收益:0.2729 | 年化波动:0.2110 | 最大回撤:-0.1345
轮次10 迭代21 | 夏普:1.62 | 累计收益:0.2646 | 年化波动:0.2107 | 最大回撤:-0.1377
轮次10 迭代22 | 夏普:1.66 | 累计收益:0.2676 | 年化波动:0.2080 | 最大回撤:-0.1347
轮次10 迭代23 | 夏普:1.67 | 累计收益:0.2708 | 年化波动:0.2098 | 最大回撤:-0.1355
轮次10 迭代24 | 夏普:1.68 | 累计收益:0.2717 | 年化波动:0.2096 | 最大回撤:-0.1346
轮次10 迭代25 | 夏普:1.72 | 累计收益:0.2812 | 年化波动:0.2123 | 最大回撤:-0.1364
轮次10 迭代26 | 夏普:1.69 | 累计收益:0.2711 | 年化波动:0.2082 | 最大回撤:-0.1355
轮次10 迭代27 | 夏普:1.65 | 累计收益:0.2610 | 年化波动:0.2047 | 最大回撤:-0.1333
轮次10 迭代28 | 夏普:1.66 | 累计收益:0.2665 | 年化波动:0.2077 | 最大回撤:-0.1353
轮次10 迭代29 | 夏普:1.71 | 累计收益:0.2683 | 年化波动:0.2035 | 最大回撤:-0.1332
轮次10 迭代30 | 夏普:1.79 | 累计收益:0.2817 | 年化波动:0.2039 | 最大回撤:-0.1269
轮次10 迭代31 | 夏普:1.88 | 累计收益:0.2834 | 年化波动:0.1957 | 最大回撤:-0.1229
轮次10 迭代32 | 夏普:1.80 | 累计收益:0.2766 | 年化波动:0.1987 | 最大回撤:-0.1259
轮次10 迭代33 | 夏普:1.79 | 累计收益:0.2791 | 年化波动:0.2014 | 最大回撤:-0.1265
轮次10 迭代34 | 夏普:1.72 | 累计收益:0.2673 | 年化波动:0.2016 | 最大回撤:-0.1337
轮次10 迭代35 | 夏普:1.73 | 累计收益:0.2682 | 年化波动:0.2008 | 最大回撤:-0.1308
轮次10 迭代36 | 夏普:1.71 | 累计收益:0.2676 | 年化波动:0.2030 | 最大回撤:-0.1346
轮次10 迭代37 | 夏普:1.73 | 累计收益:0.2756 | 年化波动:0.2058 | 最大回撤:-0.1372
轮次10 迭代38 | 夏普:1.73 | 累计收益:0.2746 | 年化波动:0.2059 | 最大回撤:-0.1352
轮次10 迭代39 | 夏普:1.70 | 累计收益:0.2747 | 年化波动:0.2095 | 最大回撤:-0.1357
轮次10 迭代40 | 夏普:1.68 | 累计收益:0.2763 | 年化波动:0.2133 | 最大回撤:-0.1399
轮次10 迭代41 | 夏普:1.69 | 累计收益:0.2737 | 年化波动:0.2102 | 最大回撤:-0.1389
轮次10 迭代42 | 夏普:1.68 | 累计收益:0.2829 | 年化波动:0.2179 | 最大回撤:-0.1449
轮次10 迭代43 | 夏普:1.69 | 累计收益:0.2776 | 年化波动:0.2122 | 最大回撤:-0.1401
轮次10 迭代44 | 夏普:1.65 | 累计收益:0.2710 | 年化波动:0.2128 | 最大回撤:-0.1426
轮次10 迭代45 | 夏普:1.65 | 累计收益:0.2677 | 年化波动:0.2102 | 最大回撤:-0.1381
轮次10 迭代46 | 夏普:1.67 | 累计收益:0.2670 | 年化波动:0.2067 | 最大回撤:-0.1357
轮次10 迭代47 | 夏普:1.70 | 累计收益:0.2710 | 年化波动:0.2062 | 最大回撤:-0.1358
轮次10 迭代48 | 夏普:1.68 | 累计收益:0.2660 | 年化波动:0.2046 | 最大回撤:-0.1354
轮次10 迭代49 | 夏普:1.68 | 累计收益:0.2595 | 年化波动:0.1998 | 最大回撤:-0.1290

PPO 第11轮
训练区间: 1000 ~ 1300
验证区间: 1300 ~ 1500
预测区间: 1500 ~ 1600
  加载上一轮模型：/home/lx/农行杯/fund-platform/models/multi_model/PPO_round10_best.zip
轮次11 迭代0 | 夏普:1.48 | 累计收益:0.2188 | 年化波动:0.1898 | 最大回撤:-0.0902
轮次11 迭代1 | 夏普:1.48 | 累计收益:0.2232 | 年化波动:0.1936 | 最大回撤:-0.0918
轮次11 迭代2 | 夏普:1.50 | 累计收益:0.2245 | 年化波动:0.1930 | 最大回撤:-0.0918
轮次11 迭代3 | 夏普:1.54 | 累计收益:0.2249 | 年化波动:0.1885 | 最大回撤:-0.0845
轮次11 迭代4 | 夏普:1.53 | 累计收益:0.2232 | 年化波动:0.1879 | 最大回撤:-0.0850
轮次11 迭代5 | 夏普:1.53 | 累计收益:0.2264 | 年化波动:0.1901 | 最大回撤:-0.0856
轮次11 迭代6 | 夏普:1.51 | 累计收益:0.2288 | 年化波动:0.1956 | 最大回撤:-0.0924
轮次11 迭代7 | 夏普:1.54 | 累计收益:0.2328 | 年化波动:0.1947 | 最大回撤:-0.0900
轮次11 迭代8 | 夏普:1.54 | 累计收益:0.2308 | 年化波动:0.1937 | 最大回撤:-0.0894
轮次11 迭代9 | 夏普:1.54 | 累计收益:0.2249 | 年化波动:0.1883 | 最大回撤:-0.0858
轮次11 迭代10 | 夏普:1.57 | 累计收益:0.2256 | 年化波动:0.1848 | 最大回撤:-0.0853
轮次11 迭代11 | 夏普:1.55 | 累计收益:0.2230 | 年化波动:0.1856 | 最大回撤:-0.0843
轮次11 迭代12 | 夏普:1.56 | 累计收益:0.2286 | 年化波动:0.1891 | 最大回撤:-0.0873
轮次11 迭代13 | 夏普:1.57 | 累计收益:0.2256 | 年化波动:0.1847 | 最大回撤:-0.0838
轮次11 迭代14 | 夏普:1.56 | 累计收益:0.2261 | 年化波动:0.1870 | 最大回撤:-0.0870
轮次11 迭代15 | 夏普:1.59 | 累计收益:0.2325 | 年化波动:0.1883 | 最大回撤:-0.0844
轮次11 迭代16 | 夏普:1.65 | 累计收益:0.2410 | 年化波动:0.1881 | 最大回撤:-0.0797
轮次11 迭代17 | 夏普:1.64 | 累计收益:0.2342 | 年化波动:0.1837 | 最大回撤:-0.0790
轮次11 迭代18 | 夏普:1.67 | 累计收益:0.2345 | 年化波动:0.1810 | 最大回撤:-0.0784
轮次11 迭代19 | 夏普:1.63 | 累计收益:0.2304 | 年化波动:0.1816 | 最大回撤:-0.0796
轮次11 迭代20 | 夏普:1.60 | 累计收益:0.2272 | 年化波动:0.1828 | 最大回撤:-0.0825
轮次11 迭代21 | 夏普:1.60 | 累计收益:0.2295 | 年化波动:0.1850 | 最大回撤:-0.0837
轮次11 迭代22 | 夏普:1.60 | 累计收益:0.2297 | 年化波动:0.1850 | 最大回撤:-0.0820
轮次11 迭代23 | 夏普:1.59 | 累计收益:0.2314 | 年化波动:0.1874 | 最大回撤:-0.0828
轮次11 迭代24 | 夏普:1.59 | 累计收益:0.2308 | 年化波动:0.1870 | 最大回撤:-0.0820
轮次11 迭代25 | 夏普:1.56 | 累计收益:0.2307 | 年化波动:0.1900 | 最大回撤:-0.0864
轮次11 迭代26 | 夏普:1.62 | 累计收益:0.2344 | 年化波动:0.1867 | 最大回撤:-0.0810
轮次11 迭代27 | 夏普:1.65 | 累计收益:0.2352 | 年化波动:0.1842 | 最大回撤:-0.0805
轮次11 迭代28 | 夏普:1.59 | 累计收益:0.2323 | 年化波动:0.1886 | 最大回撤:-0.0846
轮次11 迭代29 | 夏普:1.58 | 累计收益:0.2279 | 年化波动:0.1858 | 最大回撤:-0.0832
轮次11 迭代30 | 夏普:1.53 | 累计收益:0.2264 | 年化波动:0.1900 | 最大回撤:-0.0870
轮次11 迭代31 | 夏普:1.54 | 累计收益:0.2199 | 年化波动:0.1843 | 最大回撤:-0.0835
轮次11 迭代32 | 夏普:1.52 | 累计收益:0.2172 | 年化波动:0.1837 | 最大回撤:-0.0840
轮次11 迭代33 | 夏普:1.53 | 累计收益:0.2175 | 年化波动:0.1831 | 最大回撤:-0.0836
轮次11 迭代34 | 夏普:1.55 | 累计收益:0.2196 | 年化波动:0.1824 | 最大回撤:-0.0809
轮次11 迭代35 | 夏普:1.57 | 累计收益:0.2213 | 年化波动:0.1810 | 最大回撤:-0.0795
轮次11 迭代36 | 夏普:1.59 | 累计收益:0.2261 | 年化波动:0.1826 | 最大回撤:-0.0778
轮次11 迭代37 | 夏普:1.59 | 累计收益:0.2291 | 年化波动:0.1854 | 最大回撤:-0.0810
轮次11 迭代38 | 夏普:1.61 | 累计收益:0.2310 | 年化波动:0.1853 | 最大回撤:-0.0807
轮次11 迭代39 | 夏普:1.61 | 累计收益:0.2324 | 年化波动:0.1864 | 最大回撤:-0.0808
轮次11 迭代40 | 夏普:1.61 | 累计收益:0.2363 | 年化波动:0.1889 | 最大回撤:-0.0816
轮次11 迭代41 | 夏普:1.62 | 累计收益:0.2290 | 年化波动:0.1826 | 最大回撤:-0.0791
轮次11 迭代42 | 夏普:1.62 | 累计收益:0.2305 | 年化波动:0.1838 | 最大回撤:-0.0782
轮次11 迭代43 | 夏普:1.66 | 累计收益:0.2330 | 年化波动:0.1806 | 最大回撤:-0.0780
轮次11 迭代44 | 夏普:1.65 | 累计收益:0.2308 | 年化波动:0.1798 | 最大回撤:-0.0758
轮次11 迭代45 | 夏普:1.69 | 累计收益:0.2357 | 年化波动:0.1797 | 最大回撤:-0.0773
轮次11 迭代46 | 夏普:1.72 | 累计收益:0.2432 | 年化波动:0.1824 | 最大回撤:-0.0777
轮次11 迭代47 | 夏普:1.68 | 累计收益:0.2416 | 年化波动:0.1850 | 最大回撤:-0.0794
轮次11 迭代48 | 夏普:1.69 | 累计收益:0.2406 | 年化波动:0.1841 | 最大回撤:-0.0800
轮次11 迭代49 | 夏普:1.66 | 累计收益:0.2337 | 年化波动:0.1813 | 最大回撤:-0.0763

PPO 第12轮
训练区间: 1100 ~ 1400
验证区间: 1400 ~ 1600
预测区间: 1600 ~ 1700
  加载上一轮模型：/home/lx/农行杯/fund-platform/models/multi_model/PPO_round11_best.zip
轮次12 迭代0 | 夏普:0.45 | 累计收益:0.0636 | 年化波动:0.1794 | 最大回撤:-0.1315
轮次12 迭代1 | 夏普:0.47 | 累计收益:0.0678 | 年化波动:0.1817 | 最大回撤:-0.1324
轮次12 迭代2 | 夏普:0.46 | 累计收益:0.0643 | 年化波动:0.1785 | 最大回撤:-0.1297
轮次12 迭代3 | 夏普:0.46 | 累计收益:0.0652 | 年化波动:0.1772 | 最大回撤:-0.1296
轮次12 迭代4 | 夏普:0.43 | 累计收益:0.0606 | 年化波动:0.1786 | 最大回撤:-0.1311
轮次12 迭代5 | 夏普:0.40 | 累计收益:0.0581 | 年化波动:0.1815 | 最大回撤:-0.1337
轮次12 迭代6 | 夏普:0.45 | 累计收益:0.0639 | 年化波动:0.1812 | 最大回撤:-0.1330
轮次12 迭代7 | 夏普:0.46 | 累计收益:0.0653 | 年化波动:0.1810 | 最大回撤:-0.1327
轮次12 迭代8 | 夏普:0.38 | 累计收益:0.0562 | 年化波动:0.1859 | 最大回撤:-0.1362
轮次12 迭代9 | 夏普:0.43 | 累计收益:0.0618 | 年化波动:0.1801 | 最大回撤:-0.1321
轮次12 迭代10 | 夏普:0.47 | 累计收益:0.0676 | 年化波动:0.1804 | 最大回撤:-0.1324
轮次12 迭代11 | 夏普:0.47 | 累计收益:0.0661 | 年化波动:0.1779 | 最大回撤:-0.1306
轮次12 迭代12 | 夏普:0.36 | 累计收益:0.0503 | 年化波动:0.1755 | 最大回撤:-0.1290
轮次12 迭代13 | 夏普:0.35 | 累计收益:0.0501 | 年化波动:0.1786 | 最大回撤:-0.1314
轮次12 迭代14 | 夏普:0.82 | 累计收益:0.1139 | 年化波动:0.1770 | 最大回撤:-0.1274
轮次12 迭代15 | 夏普:0.70 | 累计收益:0.0980 | 年化波动:0.1763 | 最大回撤:-0.1285
轮次12 迭代16 | 夏普:0.69 | 累计收益:0.0957 | 年化波动:0.1760 | 最大回撤:-0.1278
轮次12 迭代17 | 夏普:0.64 | 累计收益:0.0887 | 年化波动:0.1750 | 最大回撤:-0.1276
轮次12 迭代18 | 夏普:0.68 | 累计收益:0.0922 | 年化波动:0.1726 | 最大回撤:-0.1255
轮次12 迭代19 | 夏普:0.70 | 累计收益:0.0952 | 年化波动:0.1733 | 最大回撤:-0.1260
轮次12 迭代20 | 夏普:0.69 | 累计收益:0.0963 | 年化波动:0.1761 | 最大回撤:-0.1279
轮次12 迭代21 | 夏普:0.81 | 累计收益:0.1139 | 年化波动:0.1787 | 最大回撤:-0.1284
轮次12 迭代22 | 夏普:0.76 | 累计收益:0.1061 | 年化波动:0.1777 | 最大回撤:-0.1282
轮次12 迭代23 | 夏普:0.84 | 累计收益:0.1174 | 年化波动:0.1769 | 最大回撤:-0.1263
轮次12 迭代24 | 夏普:0.80 | 累计收益:0.1109 | 年化波动:0.1762 | 最大回撤:-0.1269
轮次12 迭代25 | 夏普:0.78 | 累计收益:0.1111 | 年化波动:0.1810 | 最大回撤:-0.1296
轮次12 迭代26 | 夏普:0.67 | 累计收益:0.0940 | 年化波动:0.1787 | 最大回撤:-0.1294
轮次12 迭代27 | 夏普:0.57 | 累计收益:0.0810 | 年化波动:0.1789 | 最大回撤:-0.1303
轮次12 迭代28 | 夏普:0.55 | 累计收益:0.0754 | 年化波动:0.1743 | 最大回撤:-0.1271
轮次12 迭代29 | 夏普:0.53 | 累计收益:0.0736 | 年化波动:0.1745 | 最大回撤:-0.1271
轮次12 迭代30 | 夏普:0.63 | 累计收益:0.0864 | 年化波动:0.1748 | 最大回撤:-0.1270
轮次12 迭代31 | 夏普:0.64 | 累计收益:0.0859 | 年化波动:0.1707 | 最大回撤:-0.1240
轮次12 迭代32 | 夏普:0.57 | 累计收益:0.0762 | 年化波动:0.1689 | 最大回撤:-0.1235
轮次12 迭代33 | 夏普:0.58 | 累计收益:0.0770 | 年化波动:0.1690 | 最大回撤:-0.1234
轮次12 迭代34 | 夏普:0.60 | 累计收益:0.0790 | 年化波动:0.1658 | 最大回撤:-0.1209
轮次12 迭代35 | 夏普:0.56 | 累计收益:0.0733 | 年化波动:0.1651 | 最大回撤:-0.1209
轮次12 迭代36 | 夏普:0.51 | 累计收益:0.0664 | 年化波动:0.1656 | 最大回撤:-0.1217
轮次12 迭代37 | 夏普:0.60 | 累计收益:0.0795 | 年化波动:0.1676 | 最大回撤:-0.1219
轮次12 迭代38 | 夏普:0.60 | 累计收益:0.0812 | 年化波动:0.1718 | 最大回撤:-0.1251
轮次12 迭代39 | 夏普:0.73 | 累计收益:0.0996 | 年化波动:0.1737 | 最大回撤:-0.1254
轮次12 迭代40 | 夏普:0.71 | 累计收益:0.0970 | 年化波动:0.1726 | 最大回撤:-0.1245
轮次12 迭代41 | 夏普:0.73 | 累计收益:0.0990 | 年化波动:0.1730 | 最大回撤:-0.1247
轮次12 迭代42 | 夏普:0.49 | 累计收益:0.0675 | 年化波动:0.1731 | 最大回撤:-0.1261
轮次12 迭代43 | 夏普:0.41 | 累计收益:0.0560 | 年化波动:0.1731 | 最大回撤:-0.1265
轮次12 迭代44 | 夏普:0.50 | 累计收益:0.0699 | 年化波动:0.1754 | 最大回撤:-0.1278
轮次12 迭代45 | 夏普:0.41 | 累计收益:0.0575 | 年化波动:0.1764 | 最大回撤:-0.1292
轮次12 迭代46 | 夏普:0.43 | 累计收益:0.0602 | 年化波动:0.1759 | 最大回撤:-0.1291
轮次12 迭代47 | 夏普:0.41 | 累计收益:0.0568 | 年化波动:0.1755 | 最大回撤:-0.1286
轮次12 迭代48 | 夏普:0.49 | 累计收益:0.0682 | 年化波动:0.1743 | 最大回撤:-0.1275
轮次12 迭代49 | 夏普:0.57 | 累计收益:0.0764 | 年化波动:0.1691 | 最大回撤:-0.1229

PPO 第13轮
训练区间: 1200 ~ 1500
验证区间: 1500 ~ 1700
预测区间: 1700 ~ 1800
  加载上一轮模型：/home/lx/农行杯/fund-platform/models/multi_model/PPO_round12_best.zip
轮次13 迭代0 | 夏普:0.19 | 累计收益:0.0236 | 年化波动:0.1528 | 最大回撤:-0.0930
轮次13 迭代1 | 夏普:0.19 | 累计收益:0.0229 | 年化波动:0.1552 | 最大回撤:-0.0953
轮次13 迭代2 | 夏普:0.16 | 累计收益:0.0194 | 年化波动:0.1538 | 最大回撤:-0.0968
轮次13 迭代3 | 夏普:0.10 | 累计收益:0.0116 | 年化波动:0.1522 | 最大回撤:-0.1009
轮次13 迭代4 | 夏普:0.10 | 累计收益:0.0125 | 年化波动:0.1532 | 最大回撤:-0.1015
轮次13 迭代5 | 夏普:0.08 | 累计收益:0.0103 | 年化波动:0.1572 | 最大回撤:-0.1057
轮次13 迭代6 | 夏普:0.09 | 累计收益:0.0108 | 年化波动:0.1576 | 最大回撤:-0.1052
轮次13 迭代7 | 夏普:0.09 | 累计收益:0.0112 | 年化波动:0.1561 | 最大回撤:-0.1038
轮次13 迭代8 | 夏普:0.10 | 累计收益:0.0120 | 年化波动:0.1583 | 最大回撤:-0.1040
轮次13 迭代9 | 夏普:0.12 | 累计收益:0.0146 | 年化波动:0.1551 | 最大回撤:-0.1011
轮次13 迭代10 | 夏普:0.10 | 累计收益:0.0123 | 年化波动:0.1571 | 最大回撤:-0.1036
轮次13 迭代11 | 夏普:0.09 | 累计收益:0.0114 | 年化波动:0.1580 | 最大回撤:-0.1048
轮次13 迭代12 | 夏普:0.11 | 累计收益:0.0140 | 年化波动:0.1578 | 最大回撤:-0.1053
轮次13 迭代13 | 夏普:0.16 | 累计收益:0.0196 | 年化波动:0.1586 | 最大回撤:-0.1027
轮次13 迭代14 | 夏普:0.16 | 累计收益:0.0205 | 年化波动:0.1577 | 最大回撤:-0.1023
轮次13 迭代15 | 夏普:0.11 | 累计收益:0.0134 | 年化波动:0.1584 | 最大回撤:-0.1076
轮次13 迭代16 | 夏普:0.04 | 累计收益:0.0055 | 年化波动:0.1640 | 最大回撤:-0.1177
轮次13 迭代17 | 夏普:0.05 | 累计收益:0.0068 | 年化波动:0.1612 | 最大回撤:-0.1141
轮次13 迭代18 | 夏普:0.05 | 累计收益:0.0063 | 年化波动:0.1578 | 最大回撤:-0.1123
轮次13 迭代19 | 夏普:0.02 | 累计收益:0.0023 | 年化波动:0.1585 | 最大回撤:-0.1175
轮次13 迭代20 | 夏普:0.05 | 累计收益:0.0063 | 年化波动:0.1603 | 最大回撤:-0.1145
轮次13 迭代21 | 夏普:0.06 | 累计收益:0.0082 | 年化波动:0.1600 | 最大回撤:-0.1109
轮次13 迭代22 | 夏普:0.01 | 累计收益:0.0011 | 年化波动:0.1614 | 最大回撤:-0.1187
轮次13 迭代23 | 夏普:0.01 | 累计收益:0.0017 | 年化波动:0.1609 | 最大回撤:-0.1169
轮次13 迭代24 | 夏普:0.00 | 累计收益:0.0004 | 年化波动:0.1622 | 最大回撤:-0.1191
轮次13 迭代25 | 夏普:-0.01 | 累计收益:-0.0019 | 年化波动:0.1647 | 最大回撤:-0.1233
轮次13 迭代26 | 夏普:0.01 | 累计收益:0.0016 | 年化波动:0.1606 | 最大回撤:-0.1181
轮次13 迭代27 | 夏普:-0.04 | 累计收益:-0.0047 | 年化波动:0.1621 | 最大回撤:-0.1259
轮次13 迭代28 | 夏普:-0.04 | 累计收益:-0.0048 | 年化波动:0.1602 | 最大回撤:-0.1245
轮次13 迭代29 | 夏普:-0.05 | 累计收益:-0.0069 | 年化波动:0.1626 | 最大回撤:-0.1284
轮次13 迭代30 | 夏普:-0.00 | 累计收益:-0.0006 | 年化波动:0.1632 | 最大回撤:-0.1235
轮次13 迭代31 | 夏普:0.02 | 累计收益:0.0031 | 年化波动:0.1615 | 最大回撤:-0.1197
轮次13 迭代32 | 夏普:0.01 | 累计收益:0.0015 | 年化波动:0.1603 | 最大回撤:-0.1219
轮次13 迭代33 | 夏普:0.03 | 累计收益:0.0037 | 年化波动:0.1594 | 最大回撤:-0.1198
轮次13 迭代34 | 夏普:0.06 | 累计收益:0.0079 | 年化波动:0.1579 | 最大回撤:-0.1135
轮次13 迭代35 | 夏普:0.08 | 累计收益:0.0097 | 年化波动:0.1562 | 最大回撤:-0.1103
轮次13 迭代36 | 夏普:0.08 | 累计收益:0.0096 | 年化波动:0.1568 | 最大回撤:-0.1100
轮次13 迭代37 | 夏普:0.08 | 累计收益:0.0107 | 年化波动:0.1603 | 最大回撤:-0.1112
轮次13 迭代38 | 夏普:0.04 | 累计收益:0.0049 | 年化波动:0.1628 | 最大回撤:-0.1165
轮次13 迭代39 | 夏普:0.08 | 累计收益:0.0100 | 年化波动:0.1624 | 最大回撤:-0.1119
轮次13 迭代40 | 夏普:0.08 | 累计收益:0.0102 | 年化波动:0.1624 | 最大回撤:-0.1126
轮次13 迭代41 | 夏普:0.10 | 累计收益:0.0124 | 年化波动:0.1606 | 最大回撤:-0.1099
轮次13 迭代42 | 夏普:0.09 | 累计收益:0.0110 | 年化波动:0.1627 | 最大回撤:-0.1123
轮次13 迭代43 | 夏普:0.07 | 累计收益:0.0090 | 年化波动:0.1633 | 最大回撤:-0.1139
轮次13 迭代44 | 夏普:0.10 | 累计收益:0.0130 | 年化波动:0.1611 | 最大回�
轮次13 迭代45 | 夏普:0.34 | 累计收益:0.0433 | 年化波动:0.1595 | 最大回撤:-0.0883
轮次13 迭代46 | 夏普:0.30 | 累计收益:0.0372 | 年化波动:0.1578 | 最大回撤:-0.0919
轮次13 迭代47 | 夏普:0.34 | 累计收益:0.0420 | 年化波动:0.1578 | 最大回撤:-0.0891
轮次13 迭代48 | 夏普:0.33 | 累计收益:0.0405 | 年化波动:0.1563 | 最大回撤:-0.0891
轮次13 迭代49 | 夏普:0.30 | 累计收益:0.0372 | 年化波动:0.1567 | 最大回撤:-0.0909

PPO 第14轮
训练区间: 1300 ~ 1600
验证区间: 1600 ~ 1800
预测区间: 1800 ~ 1900
  加载上一轮模型：/home/lx/农行杯/fund-platform/models/multi_model/PPO_round13_best.zip
轮次14 迭代0 | 夏普:-1.08 | 累计收益:-0.1524 | 年化波动:0.1732 | 最大回撤:-0.2412
轮次14 迭代1 | 夏普:-1.08 | 累计收益:-0.1552 | 年化波动:0.1763 | 最大回撤:-0.2452
轮次14 迭代2 | 夏普:-1.07 | 累计收益:-0.1528 | 年化波动:0.1762 | 最大回撤:-0.2450
轮次14 迭代3 | 夏普:-1.02 | 累计收益:-0.1416 | 年化波动:0.1712 | 最大回撤:-0.2368
轮次14 迭代4 | 夏普:-0.99 | 累计收益:-0.1354 | 年化波动:0.1676 | 最大回撤:-0.2306
轮次14 迭代5 | 夏普:-0.97 | 累计收益:-0.1326 | 年化波动:0.1685 | 最大回撤:-0.2307
轮次14 迭代6 | 夏普:-0.98 | 累计收益:-0.1362 | 年化波动:0.1712 | 最大回撤:-0.2349
轮次14 迭代7 | 夏普:-0.97 | 累计收益:-0.1326 | 年化波动:0.1690 | 最大回撤:-0.2313
轮次14 迭代8 | 夏普:-0.95 | 累计收益:-0.1313 | 年化波动:0.1697 | 最大回撤:-0.2307
轮次14 迭代9 | 夏普:-0.95 | 累计收益:-0.1271 | 年化波动:0.1649 | 最大回撤:-0.2250
轮次14 迭代10 | 夏普:-0.92 | 累计收益:-0.1239 | 年化波动:0.1661 | 最大回撤:-0.2248
轮次14 迭代11 | 夏普:-0.92 | 累计收益:-0.1243 | 年化波动:0.1669 | 最大回撤:-0.2269
轮次14 迭代12 | 夏普:-0.92 | 累计收益:-0.1232 | 年化波动:0.1659 | 最大回撤:-0.2260
轮次14 迭代13 | 夏普:-0.94 | 累计收益:-0.1279 | 年化波动:0.1674 | 最大回撤:-0.2297
轮次14 迭代14 | 夏普:-0.97 | 累计收益:-0.1338 | 年化波动:0.1697 | 最大回撤:-0.2341
轮次14 迭代15 | 夏普:-0.95 | 累计收益:-0.1311 | 年化波动:0.1698 | 最大回撤:-0.2337
轮次14 迭代16 | 夏普:-0.93 | 累计收益:-0.1270 | 年化波动:0.1684 | 最大回撤:-0.2317
轮次14 迭代17 | 夏普:-0.91 | 累计收益:-0.1226 | 年化波动:0.1660 | 最大回撤:-0.2270
轮次14 迭代18 | 夏普:-0.89 | 累计收益:-0.1195 | 年化波动:0.1651 | 最大回撤:-0.2254
轮次14 �轮次14 迭代19 | 夏普:-0.91 | 累计收益:-0.1154 | 年化波动:0.1558 | 最大回撤:-0.2155
轮次14 迭代20 | 夏普:-0.93 | 累计收益:-0.1189 | 年化波动:0.1572 | 最大回撤:-0.2178
轮次14 迭代21 | 夏普:-0.94 | 累计收益:-0.1209 | 年化波动:0.1584 | 最大回撤:-0.2199
轮次14 迭代22 | 夏普:-0.94 | 累计收益:-0.1214 | 年化波动:0.1592 | 最大回撤:-0.2201
轮次14 迭代23 | 夏普:-0.96 | 累计收益:-0.1248 | 年化波动:0.1600 | 最大回撤:-0.2224
轮次14 迭代24 | 夏普:-0.95 | 累计收益:-0.1258 | 年化波动:0.1632 | 最大回撤:-0.2254
轮次14 迭代25 | 夏普:-0.92 | 累计收益:-0.1225 | 年化波动:0.1647 | 最大回撤:-0.2252
轮次14 迭代26 | 夏普:-0.93 | 累计收益:-0.1216 | 年化波动:0.1614 | 最大回撤:-0.2223
轮次14 迭代27 | 夏普:-0.89 | 累计收益:-0.1154 | 年化波动:0.1599 | 最大回撤:-0.2188
轮次14 迭代28 | 夏普:-0.92 | 累计收益:-0.1202 | 年化波动:0.1609 | 最大回撤:-0.2240
轮次14 迭代29 | 夏普:-0.92 | 累计收益:-0.1211 | 年化波动:0.1625 | 最大回撤:-0.2249
轮次14 迭代30 | 夏普:-0.93 | 累计收益:-0.1236 | 年化波动:0.1639 | 最大回撤:-0.2267
轮次14 迭代31 | 夏普:-0.96 | 累计收益:-0.1246 | 年化波动:0.1606 | 最大回撤:-0.2235
轮次14 迭代32 | 夏普:-0.95 | 累计收益:-0.1233 | 年化波动:0.1601 | 最大回撤:-0.2213
轮次14 迭代33 | 夏普:-0.94 | 累计收益:-0.1218 | 年化波动:0.1590 | 最大回撤:-0.2190
轮次14 迭代34 | 夏普:-0.96 | 累计收益:-0.1235 | 年化波动:0.1586 | 最大回撤:-0.2188
轮次14 迭代35 | 夏普:-0.97 | 累计收益:-0.1249 | 年化波动:0.1593 | 最大回撤:-0.2204
轮次14 迭代36 | 夏普:-0.98 | 累计收益:-0.1264 | 年化波动:0.1586 | 最大回撤:-0.2203
轮次14 迭代37 | 夏普:-1.00 | 累计收益:-0.1297 | 年化波动:0.1598 | 最大回撤:-0.2225
轮次14 迭代38 | 夏普:-1.01 | 累计收益:-0.1302 | 年化波动:0.1597 | 最大回撤:-0.2220
轮次14 迭代39 | 夏普:-1.02 | 累计收益:-0.1336 | 年化波动:0.1610 | 最大回撤:-0.2240
轮次14 迭代40 | 夏普:-1.04 | 累计收益:-0.1386 | 年化波动:0.1633 | 最大回撤:-0.2272
轮次14 迭代41 | 夏普:-1.05 | 累计收益:-0.1388 | 年化波动:0.1621 | 最大回撤:-0.2250
轮次14 迭代42 | 夏普:-1.05 | 累计收益:-0.1419 | 年化波动:0.1656 | 最大回撤:-0.2285
轮次14 迭代43 | 夏普:-1.05 | 累计收益:-0.1394 | 年化波动:0.1632 | 最大回撤:-0.2261
轮次14 迭代44 | 夏普:-1.09 | 累计收益:-0.1478 | 年化波动:0.1668 | 最大回撤:-0.2322
轮次14 迭代45 | 夏普:-1.11 | 累计收益:-0.1509 | 年化波动:0.1672 | 最大回撤:-0.2354
轮次14 迭代46 | 夏普:-1.09 | 累计收益:-0.1466 | 年化波动:0.1658 | 最大回撤:-0.2314
轮次14 迭代47 | 夏普:-1.10 | 累计收益:-0.1501 | 年化波动:0.1675 | 最大回撤:-0.2342
轮次14 迭代48 | 夏普:-1.11 | 累计收益:-0.1495 | 年化波动:0.1652 | 最大回撤:-0.2311
轮次14 迭代49 | 夏普:-1.10 | 累计收益:-0.1466 | 年化波动:0.1642 | 最大回撤:-0.2304

PPO 第15轮
训练区间: 1400 ~ 1700
验证区间: 1700 ~ 1900
预测区间: 1900 ~ 2000
  加载上一轮模型：/home/lx/农行杯/fund-platform/models/multi_model/PPO_round14_best.zip
轮次15 迭代0 | 夏普:-1.73 | 累计收益:-0.2399 | 年化波动:0.1679 | 最大回撤:-0.2399
轮次15 迭代1 | 夏普:-1.72 | 累计收益:-0.2425 | 年化波动:0.1714 | 最大回撤:-0.2425
轮次15 迭代2 | 夏普:-1.71 | 累计收益:-0.2414 | 年化波动:0.1711 | 最大回撤:-0.2414
轮次15 迭代3 | 夏普:-1.72 | 累计收益:-0.2380 | 年化波动:0.1680 | 最大回撤:-0.2380
轮次15 迭代4 | 夏普:-1.72 | 累计收益:-0.2402 | 年化波动:0.1692 | 最大回撤:-0.2402
轮次15 迭代5 | 夏普:-1.71 | 累计收益:-0.2419 | 年化波动:0.1720 | 最大回撤:-0.2419
轮次15 迭代6 | 夏普:-1.70 | 累计收益:-0.2447 | 年化波动:0.1743 | 最大回撤:-0.2447
轮次15 迭代7 | 夏普:-1.71 | 累计收益:-0.2426 | 年化波动:0.1722 | 最大回撤:-0.2426
轮次15 迭代8 | 夏普:-1.72 | 累计收益:-0.2436 | 年化波动:0.1719 | 最大回撤:-0.2436
轮次15 迭代9 | 夏普:-1.72 | 累计收益:-0.2380 | 年化波动:0.1675 | 最大回撤:-0.2380
轮次15 迭代10 | 夏普:-1.73 | 累计收益:-0.2367 | 年化波动:0.1662 | 最大回撤:-0.2367
轮次15 迭代11 | 夏普:-1.72 | 累计收益:-0.2375 | 年化波动:0.1671 | 最大回撤:-0.2375
轮次15 迭代12 | 夏普:-1.72 | 累计收益:-0.2378 | 年化波动:0.1674 | 最大回撤:-0.2378
轮次15 迭代13 | 夏普:-1.72 | 累计收益:-0.2353 | 年化波动:0.1659 | 最大回撤:-0.2353
轮次15 迭代14 | 夏普:-1.72 | 累计收益:-0.2343 | 年化波动:0.1658 | 最大回撤:-0.2343
轮次15 迭代15 | 夏普:-1.71 | 累计收益:-0.2326 | 年化波动:0.1651 | 最大回撤:-0.2326
轮次15 迭代16 | 夏普:-1.70 | 累计收益:-0.2340 | 年化波动:0.1668 | 最大回撤:-0.2340
轮次15 迭代17 | 夏普:-1.70 | 累计收益:-0.2322 | 年化波动:0.1659 | 最大回撤:-0.2322
轮次15 迭代18 | 夏普:-1.71 | 累计收益:-0.2303 | 年化波动:0.1639 | 最大回撤:-0.2303
轮次15 迭代19 | 夏普:-1.71 | 累计收益:-0.2301 | 年化波动:0.1636 | 最大回撤:-0.2301
轮次15 迭代20 | 夏普:-1.71 | 累计收益:-0.2350 | 年化波动:0.1670 | 最大回撤:-0.2350
轮次15 迭代21 | 夏普:-1.71 | 累计收益:-0.2377 | 年化波动:0.1686 | 最大回撤:-0.2377
轮次15 迭代22 | 夏普:-1.72 | 累计收益:-0.2387 | 年化波动:0.1687 | 最大回�
轮次15 迭代23 | 夏普:-1.68 | 累计收益:-0.2381 | 年化波动:0.1718 | 最大回撤:-0.2381
轮次15 迭代24 | 夏普:-1.70 | 累计收益:-0.2372 | 年化波动:0.1697 | 最大回撤:-0.2372
轮次15 迭代25 | 夏普:-1.69 | 累计收益:-0.2392 | 年化波动:0.1719 | 最大回撤:-0.2392
轮次15 迭代26 | 夏普:-1.69 | 累计收益:-0.2354 | 年化波动:0.1687 | 最大回撤:-0.2354
轮次15 迭代27 | 夏普:-1.69 | 累计收益:-0.2327 | 年化波动:0.1668 | 最大回撤:-0.2327
轮次15 迭代28 | 夏普:-1.69 | 累计收益:-0.2362 | 年化波动:0.1694 | 最大回撤:-0.2362
轮次15 迭代29 | 夏普:-1.70 | 累计收益:-0.2337 | 年化波动:0.1670 | 最大回撤:-0.2337
轮次15 迭代30 | 夏普:-1.68 | 累计收益:-0.2374 | 年化波动:0.1715 | 最大回撤:-0.2374
轮次15 迭代31 | 夏普:-1.69 | 累计收益:-0.2330 | 年化波动:0.1673 | 最大回撤:-0.2330
轮次15 迭代32 | 夏普:-1.69 | 累计收益:-0.2326 | 年化波动:0.1669 | 最大回撤:-0.2326
轮次15 迭代33 | 夏普:-1.70 | 累计收益:-0.2335 | 年化波动:0.1663 | 最大回撤:-0.2335
轮次15 迭代34 | 夏普:-1.71 | 累计收益:-0.2343 | 年化波动:0.1668 | 最大回撤:-0.2343
轮次15 迭代35 | 夏普:-1.69 | 累计收益:-0.2316 | 年化波动:0.1664 | 最大回撤:-0.2316
轮次15 迭代36 | 夏普:-1.69 | 累计收益:-0.2344 | 年化波动:0.1685 | 最大回撤:-0.2344
轮次15 迭代37 | 夏普:-1.69 | 累计收益:-0.2355 | 年化波动:0.1690 | 最大回撤:-0.2355
轮次15 迭代38 | 夏普:-1.70 | 累计收益:-0.2355 | 年化波动:0.1681 | 最大回撤:-0.2355
轮次15 迭代39 | 夏普:-1.69 | 累计收益:-0.2369 | 年化波动:0.1697 | 最大回撤:-0.2369
轮次15 �轮次15 迭代40 | 夏普:-1.75 | 累计收益:-0.2350 | 年化波动:0.1628 | 最大回撤:-0.2350
轮次15 迭代41 | 夏普:-1.75 | 累计收益:-0.2335 | 年化波动:0.1624 | 最大回撤:-0.2335
轮次15 迭代42 | 夏普:-1.71 | 累计收益:-0.2336 | 年化波动:0.1654 | 最大回撤:-0.2336
轮次15 迭代43 | 夏普:-1.72 | 累计收益:-0.2326 | 年化波动:0.1642 | 最大回撤:-0.2326
轮次15 迭代44 | 夏普:-1.71 | 累计收益:-0.2335 | 年化波动:0.1654 | 最大回撤:-0.2335
轮次15 迭代45 | 夏普:-1.71 | 累计收益:-0.2344 | 年化波动:0.1663 | 最大回撤:-0.2344
轮次15 迭代46 | 夏普:-1.71 | 累计收益:-0.2348 | 年化波动:0.1669 | 最大回撤:-0.2348
轮次15 迭代47 | 夏普:-1.69 | 累计收益:-0.2348 | 年化波动:0.1683 | 最大回撤:-0.2348
轮次15 迭代48 | 夏普:-1.71 | 累计收益:-0.2331 | 年化波动:0.1653 | 最大回撤:-0.2331
轮次15 迭代49 | 夏普:-1.71 | 累计收益:-0.2322 | 年化波动:0.1653 | 最大回撤:-0.2322

PPO 第16轮
训练区间: 1500 ~ 1800
验证区间: 1800 ~ 2000
预测区间: 2000 ~ 2100
  加载上一轮模型：/home/lx/农行杯/fund-platform/models/multi_model/PPO_round15_best.zip
轮次16 迭代0 | 夏普:0.01 | 累计收益:0.0010 | 年化波动:0.1415 | 最大回撤:-0.1662
轮次16 迭代1 | 夏普:-0.00 | 累计收益:-0.0001 | 年化波动:0.1425 | 最大回撤:-0.1675
轮次16 迭代2 | 夏普:0.00 | 累计收益:0.0001 | 年化波动:0.1428 | 最大回撤:-0.1691
轮次16 迭代3 | 夏普:-0.00 | 累计收益:-0.0002 | 年化波动:0.1399 | 最大回撤:-0.1694
轮次16 迭代4 | 夏普:-0.00 | 累计收益:-0.0005 | 年化波动:0.1380 | 最大回撤:-0.1685
轮次16 迭代5 | 夏普:-0.01 | 累计收益:-0.0015 | 年化波动:0.1381 | 最大回撤:-0.1702
轮次16 迭代6 | 夏普:-0.00 | 累计收益:-0.0004 | 年化波动:0.1377 | 最大回撤:-0.1701
轮次16 迭代7 | 夏普:-0.01 | 累计收益:-0.0007 | 年化波动:0.1382 | 最大回撤:-0.1715
轮次16 迭代8 | 夏普:-0.01 | 累计收益:-0.0008 | 年化波动:0.1409 | 最大回撤:-0.1725
轮次16 迭代9 | 夏普:-0.00 | 累计收益:-0.0000 | 年化波动:0.1367 | 最大回撤:-0.1680
轮次16 迭代10 | 夏普:-0.00 | 累计收益:-0.0003 | 年化波动:0.1376 | 最大回撤:-0.1695
轮次16 迭代11 | 夏普:-0.01 | 累计收益:-0.0012 | 年化波动:0.1361 | 最大回撤:-0.1694
轮次16 迭代12 | 夏普:-0.00 | 累计收益:-0.0002 | 年化波动:0.1326 | 最大回撤:-0.1649
轮次16 迭代13 | 夏普:-0.01 | 累计收益:-0.0006 | 年化波动:0.1319 | 最大回撤:-0.1642
轮次16 迭代14 | 夏普:-0.01 | 累计收益:-0.0009 | 年化波动:0.1325 | 最大回撤:-0.1635
轮次16 迭代15 | 夏普:0.01 | 累计收益:0.0007 | 年化波动:0.1316 | 最大回撤:-0.1632
轮次16 迭代16 | 夏普:-0.01 | 累计收益:-0.0006 | 年化波动:0.1323 | 最大回撤:-0.1655
轮次16 迭代17 | 夏普:-0.01 | 累计收益:-0.0009 | 年化波动:0.1307 | 最大回撤:-0.1647
轮次16 迭代18 | 夏普:-0.02 | 累计收益:-0.0020 | 年化波动:0.1297 | 最大回撤:-0.1638
轮次16 迭代19 | 夏普:-0.01 | 累计收益:-0.0014 | 年化波动:0.1289 | 最大回撤:-0.1639
轮次16 迭代20 | 夏普:-0.01 | 累计收益:-0.0014 | 年化波动:0.1287 | 最大回撤:-0.1613
轮次16 迭代21 | 夏普:-0.00 | 累计收益:-0.0002 | 年化波动:0.1281 | 最大回撤:-0.1605
轮次16 迭代22 | 夏普:-0.01 | 累计收益:-0.0009 | 年化波动:0.1292 | 最大回撤:-0.1625
轮次16 迭代23 | 夏普:-0.02 | 累计收益:-0.0019 | 年化波动:0.1314 | 最大回撤:-0.1643
轮次16 迭代24 | 夏普:-0.02 | 累计收益:-0.0023 | 年化波动:0.1322 | 最大回撤:-0.1655
轮次16 迭代25 | 夏普:-0.03 | 累计收益:-0.0033 | 年化波动:0.1327 | 最大回撤:-0.1646
轮次16 迭代26 | 夏普:-0.03 | 累计收益:-0.0033 | 年化波动:0.1317 | 最大回撤:-0.1633
轮次16 迭代27 | 夏普:-0.02 | 累计收益:-0.0018 | 年化波动:0.1311 | 最大回撤:-0.1645
轮次16 迭代28 | 夏普:-0.00 | 累计收益:-0.0004 | 年化波动:0.1303 | 最大回撤:-0.1617
轮次16 迭代29 | 夏普:-0.00 | 累计收益:-0.0004 | 年化波动:0.1313 | 最大回撤:-0.1626
轮次16 迭代30 | 夏普:0.00 | 累计收益:0.0001 | 年化波动:0.1309 | 最大回撤:-0.1619
轮次16 迭代31 | 夏普:-0.00 | 累计收益:-0.0003 | 年化波动:0.1309 | 最大回撤:-0.1619
轮次16 迭代32 | 夏普:0.01 | 累计收益:0.0015 | 年化波动:0.1317 | 最大回撤:-0.1620
轮次16 迭代33 | 夏普:0.03 | 累计收益:0.0031 | 年化波动:0.1305 | 最大回撤:-0.1594
轮次16 迭代34 | 夏普:0.01 | 累计收益:0.0010 | 年化波动:0.1306 | 最大回撤:-0.1588
轮次16 迭代35 | 夏普:-0.00 | 累计收益:-0.0004 | 年化波动:0.1312 | 最大回撤:-0.1614
轮次16 迭代36 | 夏普:-0.02 | 累计收益:-0.0021 | 年化波动:0.1327 | 最大回撤:-0.1636
轮次16 迭代37 | 夏普:-0.03 | 累计收益:-0.0027 | 年化波动:0.1356 | 最大回撤:-0.1653
轮次16 迭代38 | 夏普:-0.03 | 累计收益:-0.0031 | 年化波动:0.1364 | 最大回撤:-0.1663
轮次16 迭代39 | 夏普:-0.04 | 累计收益:-0.0039 | 年化波动:0.1364 | 最大回撤:-0.1670
轮次16 迭代40 | 夏普:-0.03 | 累计收益:-0.0030 | 年化波动:0.1357 | 最大回撤:-0.1657
轮次16 迭代41 | 夏普:-0.03 | 累计收益:-0.0029 | 年化波动:0.1343 | 最大回撤:-0.1621
轮次16 迭代42 | 夏普:-0.02 | 累计收益:-0.0026 | 年化波动:0.1362 | 最大回撤:-0.1627
轮次16 迭代43 | 夏普:-0.02 | 累计收益:-0.0024 | 年化波动:0.1333 | 最大回撤:-0.1625
轮次16 迭代44 | 夏普:-0.03 | 累计收益:-0.0030 | 年化波动:0.1328 | 最大回撤:-0.1624
轮次16 迭代45 | 夏普:-0.03 | 累计收益:-0.0029 | 年化波动:0.1291 | 最大回撤:-0.1594
轮次16 迭代46 | 夏普:-0.03 | 累计收益:-0.0029 | 年化波动:0.1317 | 最大回撤:-0.1628
轮次16 迭代47 | 夏普:-0.02 | 累计收益:-0.0025 | 年化波动:0.1343 | 最大回撤:-0.1628
轮次16 迭代48 | 夏普:-0.03 | 累计收益:-0.0031 | 年化波动:0.1318 | 最大回撤:-0.1600
轮次16 迭代49 | 夏普:-0.03 | 累计收益:-0.0037 | 年化波动:0.1334 | 最大回撤:-0.1601

PPO 第17轮
训练区间: 1600 ~ 1900
验证区间: 1900 ~ 2100
预测区间: 2100 ~ 2200
  加载上一轮模型：/home/lx/农行杯/fund-platform/models/multi_model/PPO_round16_best.zip
轮次17 迭代0 | 夏普:0.33 | 累计收益:0.0312 | 年化波动:0.1206 | 最大回撤:-0.1128
轮
轮次17 迭代1 | 夏普:0.35 | 累计收益:0.0342 | 年化波动:0.1247 | 最大回撤:-0.1133
轮次17 迭代2 | 夏普:0.36 | 累计收益:0.0352 | 年化波动:0.1236 | 最大回撤:-0.1114
轮次17 迭代3 | 夏普:0.38 | 累计收益:0.0367 | 年化波动:0.1216 | 最大回撤:-0.1075
轮次17 迭代4 | 夏普:0.38 | 累计收益:0.0368 | 年化波动:0.1216 | 最大回撤:-0.1077
轮次17 迭代5 | 夏普:0.38 | 累计收益:0.0373 | 年化波动:0.1223 | 最大回撤:-0.1080
轮次17 迭代6 | 夏普:0.37 | 累计收益:0.0362 | 年化波动:0.1231 | 最大回撤:-0.1098
轮次17 迭代7 | 夏普:0.38 | 累计收益:0.0369 | 年化波动:0.1228 | 最大回撤:-0.1090
轮次17 迭代8 | 夏普:0.37 | 累计收益:0.0361 | 年化波动:0.1238 | 最大回撤:-0.1100
轮次17 迭代9 | 夏普:0.38 | 累计收益:0.0363 | 年化波动:0.1194 | 最大回撤:-0.1057
轮次17 迭代10 | 夏普:0.39 | 累计收益:0.0373 | 年化波动:0.1200 | 最大回撤:-0.1058
轮次17 迭代11 | 夏普:0.39 | 累计收益:0.0370 | 年化波动:0.1207 | 最大回撤:-0.1059
轮次17 迭代12 | 夏普:0.39 | 累计收益:0.0376 | 年化波动:0.1202 | 最大回撤:-0.1049
轮次17 迭代13 | 夏普:0.38 | 累计收益:0.0368 | 年化波动:0.1210 | 最大回撤:-0.1072
轮次17 迭代14 | 夏普:0.36 | 累计收益:0.0344 | 年化波动:0.1220 | 最大回撤:-0.1102
轮次17 迭代15 | 夏普:0.37 | 累计收益:0.0355 | 年化波动:0.1215 | 最大回撤:-0.1090
轮次17 迭代16 | 夏普:0.38 | 累计收益:0.0364 | 年化波动:0.1216 | 最大回撤:-0.1083
轮次17 迭代17 | 夏普:0.39 | 累计收益:0.0375 | 年化波动:0.1197 | 最大回撤:-0.1051
轮次17 迭代18 | 夏普:0.39 | 累计收益:0.0363 | 年化波动:0.1176 | 最大回撤:-0.1032
轮次17 迭代19 | 夏普:0.40 | 累计收益:0.0372 | 年化波动:0.1181 | 最大回撤:-0.1035
轮次17 迭代20 | 夏普:0.38 | 累计收益:0.0364 | 年化波动:0.1195 | 最大回撤:-0.1059
轮次17 迭代21 | 夏普:0.37 | 累计收益:0.0356 | 年化波动:0.1202 | 最大回撤:-0.1074
轮次17 迭代22 | 夏普:0.40 | 累计收益:0.0378 | 年化波动:0.1196 | 最大回撤:-0.1058
轮次17 迭代23 | 夏普:0.38 | 累计收益:0.0362 | 年化波动:0.1203 | 最大回撤:-0.1086
轮次17 迭代24 | 夏普:0.38 | 累计收益:0.0372 | 年化波动:0.1221 | 最大回撤:-0.1102
轮次17 迭代25 | 夏普:0.40 | 累计收益:0.0389 | 年化波动:0.1239 | 最大回撤:-0.1109
轮次17 迭代26 | 夏普:0.39 | 累计收益:0.0378 | 年化波动:0.1213 | 最大回撤:-0.1093
轮次17 迭代27 | 夏普:0.39 | 累计收益:0.0384 | 年化波动:0.1227 | 最大回撤:-0.1088
轮次17 迭代28 | 夏普:0.39 | 累计收益:0.0385 | 年化波动:0.1239 | 最大回撤:-0.1096
轮次17 迭代29 | 夏普:0.40 | 累计收益:0.0392 | 年化波动:0.1245 | 最大回撤:-0.1103
轮次17 迭代30 | 夏普:0.37 | 累计收益:0.0363 | 年化波动:0.1245 | 最大回撤:-0.1131
轮次17 迭代31 | 夏普:0.39 | 累计收益:0.0375 | 年化波动:0.1212 | 最大回撤:-0.1轮次17 迭代32 | 夏普:0.36 | 累计收益:0.0343 | 年化波动:0.1210 | 最大回撤:-0.1100
轮次17 迭代33 | 夏普:0.34 | 累计收益:0.0323 | 年化波动:0.1209 | 最大回撤:-0.1115
轮次17 迭代34 | 夏普:0.33 | 累计收益:0.0318 | 年化波动:0.1204 | 最大回撤:-0.1113
轮次17 迭代35 | 夏普:0.33 | 累计收益:0.0315 | 年化波动:0.1206 | 最大回撤:-0.1123
轮次17 迭代36 | 夏普:0.31 | 累计收益:0.0304 | 年化波动:0.1223 | 最大回撤:-0.1144
轮次17 迭代37 | 夏普:0.31 | 累计收益:0.0306 | 年化波动:0.1222 | 最大回撤:-0.1140
轮次17 迭代38 | 夏普:0.34 | 累计收益:0.0326 | 年化波动:0.1210 | 最大回撤:-0.1109
轮次17 迭代39 | 夏普:0.32 | 累计收益:0.0315 | 年化波动:0.1225 | 最大回撤:-0.1136
轮次17 迭代40 | 夏普:0.31 | 累计收益:0.0307 | 年化波动:0.1230 | 最大回撤:-0.1145
轮次17 迭代41 | 夏普:0.30 | 累计收益:0.0291 | 年化波动:0.1225 | 最大回撤:-0.1148
轮次17 迭代42 | 夏普:0.28 | 累计收益:0.0274 | 年化波动:0.1233 | 最大回撤:-0.1169
轮次17 迭代43 | 夏普:0.30 | 累计收益:0.0293 | 年化波动:0.1215 | 最大回撤:-0.1139
轮次17 迭代44 | 夏普:0.30 | 累计收益:0.0297 | 年化波动:0.1228 | 最大回撤:-0.1151
轮次17 迭代45 | 夏普:0.30 | 累计收益:0.0288 | 年化波动:0.1218 | 最大回撤:-0.1141
轮次17 迭代46 | 夏普:0.31 | 累计收益:0.0307 | 年化波动:0.1230 | 最大回撤:-0.1145
轮次17 迭代47 | 夏普:0.31 | 累计收益:0.0304 | 年化波动:0.1237 | 最大回撤:-0.1153
轮次17 迭代48 | 夏普:0.29 | 累计收益:0.0283 | 年化波动:0.1229 | 最大回撤:-0.1152
轮次17 迭代49 | 夏普:0.28 | 累计收益:0.0275 | 年化波动:0.1227 | 最大回撤:-0.1159

PPO 第18轮
训练区间: 1700 ~ 2000
验证区间: 2000 ~ 2200
预测区间: 2200 ~ 2300
  加载上一轮模型：/home/lx/农行杯/fund-platform/models/multi_model/PPO_round17_best.zip
轮次18 迭代0 | 夏普:-1.74 | 累计收益:-0.1573 | 年化波动:0.1109 | 最大回撤:-0.1994
轮次18 迭代1 | 夏普:-1.74 | 累计收益:-0.1593 | 年化波动:0.1124 | 最大回撤:-0.2014
轮次18 迭代2 | 夏普:-1.74 | 累计收益:-0.1574 | 年化波动:0.1114 | 最大回撤:-0.1984
轮次18 迭代3 | 夏普:-1.74 | 累计收益:-0.1570 | 年化波动:0.1108 | 最大回撤:-0.1968
轮次18 迭代4 | 夏普:-1.74 | 累计收益:-0.1575 | 年化波动:0.1114 | 最大回撤:-0.1985
轮次18 迭代5 | 夏普:-1.75 | 累计收益:-0.1599 | 年化波动:0.1121 | 最大回撤:-0.2008
轮次18 迭代6 | 夏普:-1.74 | 累计收益:-0.1599 | 年化波动:0.1125 | 最大回撤:-0.2018
轮次18 迭代7 | 夏普:-1.74 | 累计收益:-0.1603 | 年化波动:0.1129 | 最大回撤:-0.2022
轮次18 迭代8 | 夏普:-1.74 | 累计收益:-0.1621 | 年化波动:0.1141 | 最大回撤:-0.2046
轮次18 迭代9 | 夏普:-1.74 | 累计收益:-0.1576 | 年化波动:0.1112 | 最大回撤:-0.1993
轮次18 迭代10 | 夏普:-1.74 | 累计收益:-0.1578 | 年化波动:0.1111 | 最大回撤:-0.1988
轮次18 迭代11 | 夏普:-1.75 | 累计收益:-0.1542 | 年化波动:0.1083 | 最大回撤:-0.1934
轮次18 迭代12 | 夏普:-1.75 | 累计收益:-0.1556 | 年化波动:0.1091 | 最大回撤:-0.1952
轮次18 迭代13 | 夏普:-1.74 | 累计收益:-0.1534 | 年化波动:0.1086 | 最大回撤:-0.1937
轮次18 迭代14 | 夏普:-1.74 | 累计收益:-0.1534 | 年化波动:0.1084 | 最大回撤:-0.1938
轮次18 迭代15 | 夏普:-1.74 | 累计收益:-0.1544 | 年化波动:0.1090 | 最大回撤:-0.1948
轮次18 迭代16 | 夏普:-1.74 | 累计收益:-0.1530 | 年化波动:0.1078 | 最大回撤:-0.1923
轮次18 迭代17 | 夏普:-1.76 | 累计收益:-0.1557 | 年化波动:0.1085 | 最大回撤:-0.1955
轮次18 迭代18 | 夏普:-1.76 | 累计收益:-0.1533 | 年化波动:0.1072 | 最大回撤:-0.1928
轮次18 迭代19 | 夏普:-1.76 | 累计收益:-0.1543 | 年化波动:0.1076 | 最大回撤:-0.1932
轮次18 迭代20 | 夏普:-1.75 | 累计收益:-0.1567 | 年化波动:0.1097 | 最大回撤:-0.1974
轮次18 迭代21 | 夏普:-1.75 | 累计收益:-0.1557 | 年化波动:0.1091 | 最大回撤:-0.1958
轮次18 迭代22 | 夏普:-1.76 | 累计收益:-0.1562 | 年化波动:0.1093 | 最大回撤:-0.1961
轮次18 迭代23 | 夏普:-1.74 | 累计收益:-0.1578 | 年化波动:0.1110 | 最大回撤:-0.1991
轮次18 迭代24 | 夏普:-1.74 | 累计收益:-0.1589 | 年化波动:0.1120 | 最大回撤:-0.2005
轮次18 迭代25 | 夏普:-1.74 | 累计收益:-0.1596 | 年化波动:0.1127 | 最大回撤:-0.2018
轮次18 迭代26 | 夏普:-1.73 | 累计收益:-0.1566 | 年化波动:0.1111 | 最大回撤:-0.1983
轮次18 迭代27 | 夏普:-1.74 | 累计收益:-0.1548 | 年化波动:0.1091 | 最大回撤:-0.1951
轮次18 迭代28 | 夏普:-1.74 | 累计收益:-0.1533 | 年化波动:0.1080 | 最大回撤:-0.1937
轮次18 迭代29 | 夏普:-1.75 | 累计收益:-0.1565 | 年化波动:0.1101 | 最大回撤:-0.1974
轮次18 迭代30 | 夏普:-1.75 | 累计收益:-0.1593 | 年化波动:0.1120 | 最大回撤:-0.2009
轮次18 迭代31 | 夏普:-1.74 | 累计收益:-0.1572 | 年化波动:0.1108 | 最大回撤:-0.1982
轮
轮次18 迭代32 | 夏普:-1.80 | 累计收益:-0.1589 | 年化波动:0.1082 | 最大回撤:-0.1961
轮次18 迭代33 | 夏普:-1.80 | 累计收益:-0.1584 | 年化波动:0.1079 | 最大回撤:-0.1968
轮次18 迭代34 | 夏普:-1.78 | 累计收益:-0.1566 | 年化波动:0.1080 | 最大回撤:-0.1970
轮次18 迭代35 | 夏普:-1.79 | 累计收益:-0.1556 | 年化波动:0.1069 | 最大回撤:-0.1954
轮次18 迭代36 | 夏普:-1.78 | 累计收益:-0.1552 | 年化波动:0.1069 | 最大回撤:-0.1946
轮次18 迭代37 | 夏普:-1.78 | 累计收益:-0.1575 | 年化波动:0.1086 | 最大回撤:-0.1977
轮次18 迭代38 | 夏普:-1.79 | 累计收益:-0.1585 | 年化波动:0.1086 | 最大回撤:-0.1976
轮次18 迭代39 | 夏普:-1.80 | 累计收益:-0.1602 | 年化波动:0.1094 | 最大回撤:-0.1995
轮次18 迭代40 | 夏普:-1.80 | 累计收益:-0.1625 | 年化波动:0.1104 | 最大回撤:-0.2017
轮次18 迭代41 | 夏普:-1.80 | 累计收益:-0.1632 | 年化波动:0.1114 | 最大回撤:-0.2029
轮次18 迭代42 | 夏普:-1.80 | 累计收益:-0.1649 | 年化波动:0.1124 | 最大回撤:-0.2049
轮次18 迭代43 | 夏普:-1.80 | 累计收益:-0.1627 | 年化波动:0.1108 | 最大回撤:-0.2020
轮次18 迭代44 | 夏普:-1.78 | 累计收益:-0.1617 | 年化波动:0.1112 | 最大回撤:-0.2028
轮次18 迭代45 | 夏普:-1.79 | 累计收益:-0.1594 | 年化波动:0.1094 | 最大回撤:-0.1994
轮次18 迭代46 | 夏普:-1.80 | 累计收益:-0.1601 | 年化波动:0.1094 | 最大回撤:-0.1996
轮次18 迭代47 | 夏普:-1.79 | 累计收益:-0.1602 | 年化波动:0.1100 | 最大回撤:-0.2012
轮次18 迭代48 | 夏普:-1.79 | 累计收益:-0.1608 | 年化波动:0.1105 | 最大回撤:-0.2017
轮次18 迭代49 | 夏普:-1.79 | 累计收益:-0.1611 | 年化波动:0.1106 | 最大回撤:-0.2015

PPO 第19轮
训练区间: 1800 ~ 2100
验证区间: 2100 ~ 2300
预测区间: 2300 ~ 2400
  加载上一轮模型：/home/lx/农行杯/fund-platform/models/multi_model/PPO_round18_best.zip
轮次19 迭代0 | 夏普:-0.66 | 累计收益:-0.0783 | 年化波动:0.1474 | 最大回撤:-0.1878
轮次19 迭代1 | 夏普:-0.66 | 累计收益:-0.0791 | 年化波动:0.1496 | 最大回撤:-0.1897
轮次19 迭代2 | 夏普:-0.64 | 累计收益:-0.0771 | 年化波动:0.1494 | 最大回撤:-0.1877
轮次19 迭代3 | 夏普:-0.65 | 累计收益:-0.0766 | 年化波动:0.1454 | 最大回撤:-0.1834
轮次19 迭代4 | 夏普:-0.65 | 累计收益:-0.0751 | 年化波动:0.1429 | 最大回撤:-0.1809
轮次19 迭代5 | 夏普:-0.65 | 累计收益:-0.0750 | 年化波动:0.1427 | 最大回撤:-0.1807
轮次19 迭代6 | 夏普:-0.66 | 累计收益:-0.0768 | 年化波动:0.1445 | 最大回撤:-0.1824
轮次19 迭代7 | 夏普:-0.66 | 累计收益:-0.0774 | 年化波动:0.1452 | 最大回撤:-0.1837
轮次19 迭代8 | 夏普:-0.69 | 累计收益:-0.0798 | 年化波动:0.1440 | 最大回撤:-0.1831
轮次19 迭代9 | 夏普:-0.69 | 累计收益:-0.0790 | 年化波动:0.1427 | 最大回撤:-0.1轮次19 迭代10 | 夏普:-0.66 | 累计收益:-0.0684 | 年化波动:0.1294 | 最大回撤:-0.1687
轮次19 迭代11 | 夏普:-0.66 | 累计收益:-0.0693 | 年化波动:0.1312 | 最大回撤:-0.1714
轮次19 迭代12 | 夏普:-0.63 | 累计收益:-0.0665 | 年化波动:0.1314 | 最大回撤:-0.1705
轮次19 迭代13 | 夏普:-0.59 | 累计收益:-0.0626 | 年化波动:0.1315 | 最大回撤:-0.1691
轮次19 迭代14 | 夏普:-0.59 | 累计收益:-0.0613 | 年化波动:0.1294 | 最大回撤:-0.1666
轮次19 迭代15 | 夏普:-0.58 | 累计收益:-0.0605 | 年化波动:0.1291 | 最大回撤:-0.1654
轮次19 迭代16 | 夏普:-0.58 | 累计收益:-0.0617 | 年化波动:0.1319 | 最大回撤:-0.1679
轮次19 迭代17 | 夏普:-0.58 | 累计收益:-0.0610 | 年化波动:0.1300 | 最大回撤:-0.1665
轮次19 迭代18 | 夏普:-0.59 | 累计收益:-0.0614 | 年化波动:0.1293 | 最大回撤:-0.1663
轮次19 迭代19 | 夏普:-0.57 | 累计收益:-0.0589 | 年化波动:0.1293 | 最大回撤:-0.1648
轮次19 迭代20 | 夏普:-0.58 | 累计收益:-0.0611 | 年化波动:0.1303 | 最大回撤:-0.1671
轮次19 迭代21 | 夏普:-0.61 | 累计收益:-0.0647 | 年化波动:0.1313 | 最大回撤:-0.1694
轮次19 迭代22 | 夏普:-0.60 | 累计收益:-0.0631 | 年化波动:0.1307 | 最大回撤:-0.1682
轮次19 迭代23 | 夏普:-0.65 | 累计收益:-0.0682 | 年化波动:0.1307 | 最大回撤:-0.1703
轮次19 迭代24 | 夏普:-0.65 | 累计收益:-0.0680 | 年化波动:0.1306 | 最大回撤:-0.1695
轮次19 迭代25 | 夏普:-0.65 | 累计收益:-0.0682 | 年化波动:0.1312 | 最大回撤:-0.1712
轮次19 迭代26 | 夏普:-0.61 | 累计收益:-0.0639 | 年化波动:0.1305 | 最大回撤:-0.1691
轮次19 迭代27 | 夏普:-0.61 | 累计收益:-0.0633 | 年化波动:0.1281 | 最大回撤:-0.1669
轮次19 迭代28 | 夏普:-0.58 | 累计收益:-0.0597 | 年化波动:0.1270 | 最大回撤:-0.1645
轮次19 迭代29 | 夏普:-0.60 | 累计收益:-0.0617 | 年化波动:0.1273 | 最大回撤:-0.1646
轮次19 迭代30 | 夏普:-0.58 | 累计收益:-0.0598 | 年化波动:0.1281 | 最大回撤:-0.1640
轮次19 迭代31 | 夏普:-0.60 | 累计收益:-0.0614 | 年化波动:0.1272 | 最大回撤:-0.1651
轮次19 迭代32 | 夏普:-0.61 | 累计收益:-0.0603 | 年化波动:0.1240 | 最大回撤:-0.1616
轮次19 迭代33 | 夏普:-0.58 | 累计收益:-0.0588 | 年化波动:0.1258 | 最大回撤:-0.1628
轮次19 迭代34 | 夏普:-0.59 | 累计收益:-0.0584 | 年化波动:0.1241 | 最大回撤:-0.1610
轮次19 迭代35 | 夏普:-0.61 | 累计收益:-0.0602 | 年化波动:0.1222 | 最大回撤:-0.1610
轮次19 迭代36 | 夏普:-0.59 | 累计收益:-0.0580 | 年化波动:0.1226 | 最大回撤:-0.1609
轮次19 迭代37 | 夏普:-0.58 | 累计收益:-0.0572 | 年化波动:0.1237 | 最大回撤:-0.1614
轮次19 迭代38 | 夏普:-0.60 | 累计收益:-0.0607 | 年化波动:0.1268 | 最大回撤:-0.1667
轮次19 迭代39 | 夏普:-0.58 | 累计收益:-0.0603 | 年化波动:0.1286 | 最大回撤:-0.1681
轮次19 迭代40 | 夏普:-0.60 | 累计收益:-0.0626 | 年化波动:0.1306 | 最大回撤:-0.1708
轮次19 迭代41 | 夏普:-0.61 | 累计收益:-0.0634 | 年化波动:0.1290 | 最大回撤:-0.1697
轮次19 迭代42 | 夏普:-0.63 | 累计收益:-0.0652 | 年化波动:0.1288 | 最大回撤:-0.1708
轮次19 迭代43 | 夏普:-0.64 | 累计收益:-0.0663 | 年化波动:0.1294 | 最大回撤:-0.1725
轮次19 迭代44 | 夏普:-0.61 | 累计收益:-0.0647 | 年化波动:0.1310 | 最大回撤:-0.1723
轮次19 迭代45 | 夏普:-0.64 | 累计收益:-0.0666 | 年化波动:0.1302 | 最大回撤:-0.1714
轮次19 迭代46 | 夏普:-0.64 | 累计收益:-0.0649 | 年化波动:0.1262 | 最大回撤:-0.1670
轮次19 迭代47 | 夏普:-0.66 | 累计收益:-0.0678 | 年化波动:0.1273 | 最大回撤:-0.1691
轮次19 迭代48 | 夏普:-0.66 | 累计收益:-0.0682 | 年化波动:0.1283 | 最大回撤:-0.1709
轮次19 迭代49 | 夏普:-0.62 | 累计收益:-0.0627 | 年化波动:0.1265 | 最大回撤:-0.1670

PPO 第20轮
训练区间: 1900 ~ 2200
验证区间: 2200 ~ 2400
预测区间: 2400 ~ 2500
  加载上一轮模型：/home/lx/农行杯/fund-platform/models/multi_model/PPO_round19_best.zip
轮次20 迭代0 | 夏普:1.35 | 累计收益:0.2332 | 年化波动:0.2228 | 最大回撤:-0.1361
轮次20 迭代1 | 夏普:1.35 | 累计收益:0.2342 | 年化波动:0.2242 | 最大回撤:-0.1369
轮次20 迭代2 | 夏普:1.34 | 累计收益:0.2306 | 年化波动:0.2224 | 最大回撤:-0.1374
轮次20 迭代3 | 夏普:1.35 | 累计收益:0.2323 | 年化波动:0.2223 | 最大回撤:-0.1382
轮次20 迭代4 | 夏普:1.35 | 累计收益:0.2323 | 年化波动:0.2217 | 最大回撤:-0.1376
轮次20 迭代5 | 夏普:1.33 | 累计收益:0.2262 | 年化波动:0.2198 | 最大回撤:-0.1368
轮次20 迭代6 | 夏普:1.34 | 累计收益:0.2330 | 年化波动:0.2235 | 最大回撤:-0.1382
轮次20 迭代7 | 夏普:1.36 | 累计收益:0.2326 | 年化波动:0.2207 | 最大回撤:-0.1352
轮次20 迭代8 | 夏普:1.34 | 累计收益:0.2316 | 年化波动:0.2231 | 最大回撤:-0.1355
轮次20 迭代9 | 夏普:1.33 | 累计收益:0.2278 | 年化波动:0.2212 | 最大回撤:-0.1351
轮
轮次20 迭代10 | 夏普:1.33 | 累计收益:0.2224 | 年化波动:0.2147 | 最大回撤:-0.1340
轮次20 迭代11 | 夏普:1.30 | 累计收益:0.2171 | 年化波动:0.2142 | 最大回撤:-0.1339
轮次20 迭代12 | 夏普:1.32 | 累计收益:0.2177 | 年化波动:0.2122 | 最大回撤:-0.1321
轮次20 迭代13 | 夏普:1.34 | 累计收益:0.2179 | 年化波动:0.2094 | 最大回撤:-0.1277
轮次20 迭代14 | 夏普:1.34 | 累计收益:0.2194 | 年化波动:0.2113 | 最大回撤:-0.1289
轮次20 迭代15 | 夏普:1.32 | 累计收益:0.2149 | 年化波动:0.2098 | 最大回撤:-0.1289
轮次20 迭代16 | 夏普:1.27 | 累计收益:0.2071 | 年化波动:0.2099 | 最大回撤:-0.1327
轮次20 迭代17 | 夏普:1.27 | 累计收益:0.2036 | 年化波动:0.2067 | 最大回撤:-0.1311
轮次20 迭代18 | 夏普:1.28 | 累计收益:0.2083 | 年化波动:0.2088 | 最大回撤:-0.1316
轮次20 迭代19 | 夏普:1.30 | 累计收益:0.2131 | 年化波动:0.2103 | 最大回撤:-0.1325
轮次20 迭代20 | 夏普:1.29 | 累计收益:0.2108 | 年化波动:0.2103 | 最大回撤:-0.1338
轮次20 迭代21 | 夏普:1.30 | 累计收益:0.2154 | 年化波动:0.2136 | 最大回撤:-0.1358
轮次20 迭代22 | 夏普:1.27 | 累计收益:0.2132 | 年化波动:0.2155 | 最大回撤:-0.1396
轮次20 迭代23 | 夏普:1.25 | 累计收益:0.2095 | 年化波动:0.2146 | 最大回撤:-0.1393
轮次20 迭代24 | 夏普:1.26 | 累计收益:0.2142 | 年化波动:0.2178 | 最大回撤:-0.1427
轮次20 迭代25 | 夏普:1.31 | 累计收益:0.2220 | 年化波动:0.2188 | 最大回撤:-0.1429
轮次20 迭代26 | 夏普:1.30 | 累计收益:0.2175 | 年化波动:0.2159 | 最大回撤:-0.1418
轮次20 迭代27 | 夏普:1.25 | 累计收益:0.2097 | 年化波动:0.2155 | 最大回撤:-0.1449
轮次20 迭代28 | 夏普:1.27 | 累计收益:0.2150 | 年化波动:0.2177 | 最大回撤:-0.1465
轮次20 迭代29 | 夏普:1.25 | 累计收益:0.2114 | 年化波动:0.2172 | 最大回撤:-0.1462
轮次20 迭代30 | 夏普:1.27 | 累计收益:0.2163 | 年化波动:0.2189 | 最大回撤:-0.1434
轮次20 迭代31 | 夏普:1.27 | 累计收益:0.2104 | 年化波动:0.2127 | 最大回撤:-0.1394
轮次20 迭代32 | 夏普:1.26 | 累计收益:0.2055 | 年化波动:0.2098 | 最大回撤:-0.1370
轮次20 迭代33 | 夏普:1.27 | 累计收益:0.2101 | 年化波动:0.2122 | 最大回撤:-0.1365
轮次20 迭代34 | 夏普:1.28 | 累计收益:0.2127 | 年化波动:0.2141 | 最大回撤:-0.1374
轮次20 迭代35 | 夏普:1.29 | 累计收益:0.2125 | 年化波动:0.2120 | 最大回撤:-0.1346
轮次20 迭代36 | 夏普:1.31 | 累计收益:0.2155 | 年化波动:0.2114 | 最大回撤:-0.1344
轮次20 迭代37 | 夏普:1.30 | 累计收益:0.2165 | 年化波动:0.2145 | 最大回撤:-0.1364
轮次20 迭代38 | 夏普:1.29 | 累计收益:0.2144 | 年化波动:0.2131 | 最大回撤:-0.1362
轮次20 迭代39 | 夏普:1.29 | 累计收益:0.2155 | 年化波动:0.2152 | 最大回撤:-0.1375
轮次20 迭代40 | 夏普:1.31 | 累计收益:0.2241 | 年化波动:0.2203 | 最大回撤:-0.1408
轮次20 迭代41 | 夏普:1.37 | 累计收益:0.2335 | 年化波动:0.2196 | 最大回撤:-0.1388
轮次20 迭代42 | 夏普:1.36 | 累计收益:0.2347 | 年化波动:0.2224 | 最大回撤:-0.1420
轮次20 迭代43 | 夏普:1.33 | 累计收益:0.2278 | 年化波动:0.2198 | 最大回撤:-0.1418
轮次20 迭代44 | 夏普:1.37 | 累计收益:0.2345 | 年化波动:0.2208 | 最大回撤:-0.1407
轮次20 迭代45 | 夏普:1.40 | 累计收益:0.2373 | 年化波动:0.2183 | 最大回撤:-0.1388
轮次20 迭代46 | 夏普:1.38 | 累计收益:0.2317 | 年化波动:0.2160 | 最大回撤:-0.1379
轮次20 迭代47 | 夏普:1.37 | 累计收益:0.2320 | 年化波动:0.2187 | 最大回撤:-0.1406
轮次20 迭代48 | 夏普:1.37 | 累计收益:0.2307 | 年化波动:0.2176 | 最大回撤:-0.1388
轮次20 迭代49 | 夏普:1.34 | 累计收益:0.2247 | 年化波动:0.2165 | 最大回撤:-0.1393

PPO 第21轮
训练区间: 2000 ~ 2300
验证区间: 2300 ~ 2500
预测区间: 2500 ~ 2600
  加载上一轮模型：/home/lx/农行杯/fund-platform/models/multi_model/PPO_round20_best.zip
轮次21 迭代0 | 夏普:1.15 | 累计收益:0.2008 | 年化波动:0.2251 | 最大回撤:-0.1轮次21 迭代1 | 夏普:1.30 | 累计收益:0.2315 | 年化波动:0.2287 | 最大回撤:-0.1293
轮次21 迭代2 | 夏普:1.27 | 累计收益:0.2222 | 年化波动:0.2255 | 最大回撤:-0.1281
轮次21 迭代3 | 夏普:1.25 | 累计收益:0.2183 | 年化波动:0.2242 | 最大回撤:-0.1273
轮次21 迭代4 | 夏普:1.27 | 累计收益:0.2190 | 年化波动:0.2226 | 最大回撤:-0.1263
轮次21 迭代5 | 夏普:1.23 | 累计收益:0.2139 | 年化波动:0.2235 | 最大回撤:-0.1278
轮次21 迭代6 | 夏普:1.23 | 累计收益:0.2150 | 年化波动:0.2257 | 最大回撤:-0.1298
轮次21 迭代7 | 夏普:1.23 | 累计收益:0.2139 | 年化波动:0.2243 | 最大回撤:-0.1291
轮次21 迭代8 | 夏普:1.23 | 累计收益:0.2140 | 年化波动:0.2244 | 最大回撤:-0.1304
轮次21 迭代9 | 夏普:1.23 | 累计收益:0.2150 | 年化波动:0.2241 | 最大回撤:-0.1296
轮次21 迭代10 | 夏普:1.25 | 累计收益:0.2174 | 年化波动:0.2243 | 最大回撤:-0.1299
轮次21 迭代11 | 夏普:1.24 | 累计收益:0.2151 | 年化波动:0.2232 | 最大回撤:-0.1290
轮次21 迭代12 | 夏普:1.30 | 累计收益:0.2238 | 年化波动:0.2223 | 最大回撤:-0.1283
轮次21 迭代13 | 夏普:1.32 | 累计收益:0.2263 | 年化波动:0.2211 | 最大回撤:-0.1263
轮次21 迭代14 | 夏普:1.32 | 累计收益:0.2272 | 年化波动:0.2212 | 最大回撤:-0.1270
轮次21 迭代15 | 夏普:1.32 | 累计收益:0.2270 | 年化波动:0.2215 | 最大回撤:-0.1275
轮次21 迭代16 | 夏普:1.30 | 累计收益:0.2253 | 年化波动:0.2231 | 最大回撤:-0.1278
轮次21 迭代17 | 夏普:1.23 | 累计收益:0.2105 | 年化波动:0.2197 | 最大回撤:-0.1268
轮次21 迭代18 | 夏普:1.21 | 累计收益:0.2070 | 年化波动:0.2199 | 最大回撤:-0.1269
轮次21 迭代19 | 夏普:1.18 | 累计收益:0.2013 | 年化波动:0.2183 | 最大回撤:-0.1263
轮次21 迭代20 | 夏普:1.19 | 累计收益:0.2034 | 年化波动:0.2186 | 最大回撤:-0.1271
轮次21 迭代21 | 夏普:1.22 | 累计收益:0.2090 | 年化波动:0.2200 | 最大回撤:-0.1275
轮次21 迭代22 | 夏普:1.21 | 累计收益:0.2071 | 年化波动:0.2197 | 最大回撤:-0.1259
轮次21 迭代23 | 夏普:1.24 | 累计收益:0.2121 | 年化波动:0.2202 | 最大回撤:-0.1257
轮次21 迭代24 | 夏普:1.24 | 累计收益:0.2142 | 年化波动:0.2215 | 最大回撤:-0.1261
轮次21 迭代25 | 夏普:1.26 | 累计收益:0.2180 | 年化波动:0.2217 | 最大回撤:-0.1254
轮次21 迭代26 | 夏普:1.24 | 累计收益:0.2110 | 年化波动:0.2183 | 最大回撤:-0.1230
轮次21 迭代27 | 夏普:1.25 | 累计收益:0.2113 | 年化波动:0.2169 | 最大回撤:-0.1221
轮次21 迭代28 | 夏普:1.26 | 累计收益:0.2113 | 年化波动:0.2157 | 最大回撤:-0.1209
轮次21 迭代29 | 夏普:1.23 | 累计收益:0.2049 | 年化波动:0.2134 | 最大回撤:-0.1193
轮次21 迭代30 | 夏普:1.25 | 累计收益:0.2064 | 年化波动:0.2126 | 最大回撤:-0.1188
轮次21 迭代31 | 夏普:1.25 | 累计收益:0.2064 | 年化波动:0.2122 | 最大回撤:-0.1195
轮次21 迭代32 | 夏普:1.23 | 累计收益:0.2020 | 年化波动:0.2104 | 最大回撤:-0.1184
轮次21 迭代33 | 夏普:1.26 | 累计收益:0.2067 | 年化波动:0.2115 | 最大回撤:-0.1185
轮次21 迭代34 | 夏普:1.23 | 累计收益:0.2005 | 年化波动:0.2092 | 最大回撤:-0.1173
轮次21 迭代35 | 夏普:1.22 | 累计收益:0.1988 | 年化波动:0.2094 | 最大回撤:-0.1190
轮次21 迭代36 | 夏普:1.23 | 累计收益:0.2026 | 年化波动:0.2120 | 最大回撤:-0.1198
轮次21 迭代37 | 夏普:1.20 | 累计收益:0.1984 | 年化波动:0.2127 | 最大回撤:-0.1212
轮次21 迭代38 | 夏普:1.21 | 累计收益:0.2005 | 年化波动:0.2135 | 最大回撤:-0.1218
轮次21 迭代39 | 夏普:1.18 | 累计收益:0.1978 | 年化波动:0.2145 | 最大回撤:-0.1229
轮次21 迭代40 | 夏普:1.16 | 累计收益:0.1935 | 年化波动:0.2135 | 最大回撤:-0.1224
轮
轮次21 迭代41 | 夏普:1.05 | 累计收益:0.1732 | 年化波动:0.2103 | 最大回撤:-0.1176
轮次21 迭代42 | 夏普:1.03 | 累计收益:0.1717 | 年化波动:0.2130 | 最大回撤:-0.1193
轮次21 迭代43 | 夏普:1.02 | 累计收益:0.1702 | 年化波动:0.2133 | 最大回撤:-0.1196
轮次21 迭代44 | 夏普:1.06 | 累计收益:0.1754 | 年化波动:0.2124 | 最大回撤:-0.1193
轮次21 迭代45 | 夏普:1.04 | 累计收益:0.1700 | 年化波动:0.2096 | 最大回撤:-0.1163
轮次21 迭代46 | 夏普:1.02 | 累计收益:0.1687 | 年化波动:0.2122 | 最大回撤:-0.1163
轮次21 迭代47 | 夏普:1.03 | 累计收益:0.1720 | 年化波动:0.2144 | 最大回撤:-0.1187
轮次21 迭代48 | 夏普:1.05 | 累计收益:0.1719 | 年化波动:0.2102 | 最大回撤:-0.1171
轮次21 迭代49 | 夏普:1.04 | 累计收益:0.1706 | 年化波动:0.2092 | 最大回撤:-0.1175

PPO 第22轮
训练区间: 2100 ~ 2400
验证区间: 2400 ~ 2600
预测区间: 2600 ~ 2700
  加载上一轮模型：/home/lx/农行杯/fund-platform/models/multi_model/PPO_round21_best.zip
轮次22 迭代0 | 夏普:1.30 | 累计收益:0.1299 | 年化波动:0.1272 | 最大回撤:-0.0631
轮次22 迭代1 | 夏普:1.29 | 累计收益:0.1296 | 年化波动:0.1278 | 最大回撤:-0.0638
轮次22 迭代2 | 夏普:1.29 | 累计收益:0.1308 | 年化波动:0.1295 | 最大回撤:-0.0648
轮次22 迭代3 | 夏普:1.28 | 累计收益:0.1287 | 年化波动:0.1282 | 最大回撤:-0.0643
轮次22 迭代4 | 夏普:1.30 | 累计收益:0.1286 | 年化波动:0.1262 | 最大回撤:-0.0632
轮次22 迭代5 | 夏普:1.30 | 累计收益:0.1301 | 年化波动:0.1276 | 最大回撤:-0.0641
轮次22 迭代6 | 夏普:1.29 | 累计收益:0.1312 | 年化波动:0.1292 | 最大回撤:-0.0653
轮次22 迭代7 | 夏普:1.30 | 累计收益:0.1333 | 年化波动:0.1303 | 最大回撤:-0.0654
轮次22 迭代8 | 夏普:1.28 | 累计收益:0.1299 | 年化波动:0.1295 | 最大回撤:-0.0645
轮次22 迭代9 | 夏普:1.32 | 累计收益:0.1321 | 年化波动:0.1278 | 最大回撤:-0.0642
轮次22 迭代10 | 夏普:1.31 | 累计收益:0.1323 | 年化波动:0.1287 | 最大回撤:-0.0650
轮次22 迭代11 | 夏普:1.30 | 累计收益:0.1301 | 年化波动:0.1274 | 最大回撤:-0.0轮次22 迭代12 | 夏普:1.32 | 累计收益:0.1285 | 年化波动:0.1239 | 最大回撤:-0.0624
轮次22 迭代13 | 夏普:1.34 | 累计收益:0.1313 | 年化波动:0.1252 | 最大回撤:-0.0625
轮次22 迭代14 | 夏普:1.35 | 累计收益:0.1330 | 年化波动:0.1258 | 最大回撤:-0.0629
轮次22 迭代15 | 夏普:1.34 | 累计收益:0.1308 | 年化波动:0.1242 | 最大回撤:-0.0629
轮次22 迭代16 | 夏普:1.36 | 累计收益:0.1318 | 年化波动:0.1239 | 最大回撤:-0.0629
轮次22 迭代17 | 夏普:1.36 | 累计收益:0.1296 | 年化波动:0.1214 | 最大回撤:-0.0615
轮次22 迭代18 | 夏普:1.35 | 累计收益:0.1286 | 年化波动:0.1213 | 最大回撤:-0.0614
轮次22 迭代19 | 夏普:1.35 | 累计收益:0.1283 | 年化波动:0.1213 | 最大回撤:-0.0613
轮次22 迭代20 | 夏普:1.36 | 累计收益:0.1307 | 年化波动:0.1228 | 最大回撤:-0.0618
轮次22 迭代21 | 夏普:1.36 | 累计收益:0.1334 | 年化波动:0.1246 | 最大回撤:-0.0629
轮次22 迭代22 | 夏普:1.39 | 累计收益:0.1361 | 年化波动:0.1251 | 最大回撤:-0.0632
轮次22 迭代23 | 夏普:1.38 | 累计收益:0.1369 | 年化波动:0.1263 | 最大回撤:-0.0641
轮次22 迭代24 | 夏普:1.36 | 累计收益:0.1371 | 年化波动:0.1284 | 最大回撤:-0.0651
轮次22 迭代25 | 夏普:1.35 | 累计收益:0.1390 | 年化波动:0.1314 | 最大回撤:-0.0668
轮次22 迭代26 | 夏普:1.36 | 累计收益:0.1400 | 年化波动:0.1312 | 最大回撤:-0.0668
轮次22 迭代27 | 夏普:1.37 | 累计收益:0.1385 | 年化波动:0.1286 | 最大回撤:-0.0658
轮次22 迭代28 | 夏普:1.39 | 累计收益:0.1392 | 年化波动:0.1278 | 最大回撤:-0.0655
轮次22 迭代29 | 夏普:1.37 | 累计收益:0.1390 | 年化波动:0.1295 | 最大回撤:-0.0662
轮次22 迭代30 | 夏普:1.37 | 累计收益:0.1403 | 年化波动:0.1303 | 最大回撤:-0.0666
轮次22 迭代31 | 夏普:1.37 | 累计收益:0.1363 | 年化波动:0.1271 | 最大回撤:-0.0647
轮次22 迭代32 | 夏普:1.35 | 累计收益:0.1348 | 年化波动:0.1271 | 最大回撤:-0.0645
轮次22 迭代33 | 夏普:1.35 | 累计收益:0.1336 | 年化波动:0.1259 | 最大回撤:-0.0641
轮次22 迭代34 | 夏普:1.35 | 累计收益:0.1332 | 年化波动:0.1254 | 最大回撤:-0.0639
轮次22 迭代35 | 夏普:1.36 | 累计收益:0.1316 | 年化波动:0.1236 | 最大回撤:-0.0630
轮次22 迭代36 | 夏普:1.34 | 累计收益:0.1323 | 年化波动:0.1254 | 最大回撤:-0.0641
轮次22 迭代37 | 夏普:1.33 | 累计收益:0.1350 | 年化波动:0.1292 | 最大回撤:-0.0662
轮次22 迭代38 | 夏普:1.34 | 累计收益:0.1360 | 年化波动:0.1291 | 最大回撤:-0.0657
轮次22 迭代39 | 夏普:1.35 | 累计收益:0.1369 | 年化波动:0.1297 | 最大回撤:-0.0656
轮次22 迭代40 | 夏普:1.34 | 累计收益:0.1374 | 年化波动:0.1305 | 最大回撤:-0.0658
轮次22 迭代41 | 夏普:1.33 | 累计收益:0.1369 | 年化波动:0.1317 | 最大回撤:-0.0666
轮次22 迭代42 | 夏普:1.34 | 累计收益:0.1388 | 年化波动:0.1322 | 最大回撤:-0.0670
轮次22 迭代43 | 夏普:1.34 | 累计收益:0.1365 | 年化波动:0.1300 | 最大回撤:-0.0658
轮次22 迭代44 | 夏普:1.33 | 累计收益:0.1368 | 年化波动:0.1309 | 最大回撤:-0.0661
轮次22 迭代45 | 夏普:1.34 | 累计收益:0.1392 | 年化波动:0.1325 | 最大回撤:-0.0672
轮次22 迭代46 | 夏普:1.34 | 累计收益:0.1387 | 年化波动:0.1320 | 最大回撤:-0.0676
轮次22 迭代47 | 夏普:1.35 | 累计收益:0.1412 | 年化波动:0.1338 | 最大回撤:-0.0680
轮次22 迭代48 | 夏普:1.35 | 累计收益:0.1413 | 年化波动:0.1335 | 最大回撤:-0.0678
轮次22 迭代49 | 夏普:1.36 | 累计收益:0.1417 | 年化波动:0.1326 | 最大回撤:-0.0675

========================================
========== 调仓频率深度分析 ==========
1. 平均每日换手率    : 0.0287 (2.87%)
2. 换手率中位数      : 0.0057
3. 最大单日换手率    : 1.7616
4. 零调仓（躺平）占比: 18.50%
5. 预估日均交易成本  : 0.000014 (万分之0.14)
6. 预估年化摩擦成本  : 0.0034 (0.34%)
风格判断：低频持有（买入并持有为主，交易成本极低）
详细预测数据（含得分/换手率）已保存至：/home/lx/农行杯/fund-platform/results/multi_model/PPO_rolling_detailed.csv

【PPO 滚动外推最终指标（预测集，真实泛化能力）】
累计收益: 0.0134
年化收益: 0.0015
年化波动: 0.2001
夏普比率: 0.0076
索提诺比率: 0.0090
最大回撤: -0.3532
最大回撤天数: 1047.0000

✅ PPO滚动训练全部完成！种子固定： 42
 42
