训练设备：cpu
Traceback (most recent call last):
  File "/home/lx/农行杯/fund-platform/scripts/ppo_full_train.py", line 332, in <module>
    main()
    ~~~~^^
  File "/home/lx/农行杯/fund-platform/scripts/ppo_full_train.py", line 327, in main
    run_rolling_for_model("PPO", PPO, PPO_KWARGS)
    ~~~~~~~~~~~~~~~~~~~~~^^^^^^^^^^^^^^^^^^^^^^^^
  File "/home/lx/农行杯/fund-platform/scripts/ppo_full_train.py", line 272, in run_rolling_for_model
    feat_only, date_col, price_df = load_data()
                                    ~~~~~~~~~^^
  File "/home/lx/农行杯/fund-platform/scripts/ppo_full_train.py", line 85, in load_data
    feat = pd.read_csv(DATA_PATH, parse_dates=["date"], encoding="utf-8-sig")
  File "/home/lx/miniconda3/lib/python3.13/site-packages/pandas/io/parsers/readers.py", line 873, in read_csv
    return _read(filepath_or_buffer, kwds)
  File "/home/lx/miniconda3/lib/python3.13/site-packages/pandas/io/parsers/readers.py", line 300, in _read
    parser = TextFileReader(filepath_or_buffer, **kwds)
  File "/home/lx/miniconda3/lib/python3.13/site-packages/pandas/io/parsers/readers.py", line 1645, in __init__
    self._engine = self._make_engine(f, self.engine)
                   ~~~~~~~~~~~~~~~~~^^^^^^^^^^^^^^^^
  File "/home/lx/miniconda3/lib/python3.13/site-packages/pandas/io/parsers/readers.py", line 1904, in _make_engine
    self.handles = get_handle(
                   ~~~~~~~~~~^
        f,
        ^^
    ...<6 lines>...
        storage_options=self.options.get("storage_options", None),
        ^^^^^^^^^^^^^^^^^^^^^^^^^^^^^^^^^^^^^^^^^^^^^^^^^^^^^^^^^^
    )
    ^
  File "/home/lx/miniconda3/lib/python3.13/site-packages/pandas/io/common.py", line 930, in get_handle
    handle = open(
        handle,
    ...<3 lines>...
        newline="",
    )
FileNotFoundError: [Errno 2] No such file or directory: 'data/clean/train_feature_filtered.csv'
